Archive member included because of file (symbol)

c:/sublime text build 3126/gnu tools arm embedded/bin/../lib/gcc/arm-none-eabi/4.9.3/../../../../arm-none-eabi/lib/armv7-m\libc_nano.a(lib_a-nano-vfprintf_float.o)
                              (_printf_float)
c:/sublime text build 3126/gnu tools arm embedded/bin/../lib/gcc/arm-none-eabi/4.9.3/../../../../arm-none-eabi/lib/armv7-m\libc_nano.a(lib_a-nano-vfprintf_i.o)
                              c:/sublime text build 3126/gnu tools arm embedded/bin/../lib/gcc/arm-none-eabi/4.9.3/../../../../arm-none-eabi/lib/armv7-m\libc_nano.a(lib_a-nano-vfprintf_float.o) (_printf_common)
c:/sublime text build 3126/gnu tools arm embedded/bin/../lib/gcc/arm-none-eabi/4.9.3/../../../../arm-none-eabi/lib/armv7-m\libc_nano.a(lib_a-s_fpclassify.o)
                              c:/sublime text build 3126/gnu tools arm embedded/bin/../lib/gcc/arm-none-eabi/4.9.3/../../../../arm-none-eabi/lib/armv7-m\libc_nano.a(lib_a-nano-vfprintf_float.o) (__fpclassifyd)
c:/sublime text build 3126/gnu tools arm embedded/bin/../lib/gcc/arm-none-eabi/4.9.3/../../../../arm-none-eabi/lib/armv7-m\libc_nano.a(lib_a-strlen.o)
                              c:/sublime text build 3126/gnu tools arm embedded/bin/../lib/gcc/arm-none-eabi/4.9.3/../../../../arm-none-eabi/lib/armv7-m\libc_nano.a(lib_a-nano-vfprintf_float.o) (strlen)
c:/sublime text build 3126/gnu tools arm embedded/bin/../lib/gcc/arm-none-eabi/4.9.3/../../../../arm-none-eabi/lib/armv7-m\libc_nano.a(lib_a-dtoa.o)
                              c:/sublime text build 3126/gnu tools arm embedded/bin/../lib/gcc/arm-none-eabi/4.9.3/../../../../arm-none-eabi/lib/armv7-m\libc_nano.a(lib_a-nano-vfprintf_float.o) (_dtoa_r)
c:/sublime text build 3126/gnu tools arm embedded/bin/../lib/gcc/arm-none-eabi/4.9.3/../../../../arm-none-eabi/lib/armv7-m\libc_nano.a(lib_a-locale.o)
                              c:/sublime text build 3126/gnu tools arm embedded/bin/../lib/gcc/arm-none-eabi/4.9.3/../../../../arm-none-eabi/lib/armv7-m\libc_nano.a(lib_a-nano-vfprintf_float.o) (_localeconv_r)
c:/sublime text build 3126/gnu tools arm embedded/bin/../lib/gcc/arm-none-eabi/4.9.3/../../../../arm-none-eabi/lib/armv7-m\libc_nano.a(lib_a-malloc.o)
                              c:/sublime text build 3126/gnu tools arm embedded/bin/../lib/gcc/arm-none-eabi/4.9.3/../../../../arm-none-eabi/lib/armv7-m\libc_nano.a(lib_a-dtoa.o) (malloc)
c:/sublime text build 3126/gnu tools arm embedded/bin/../lib/gcc/arm-none-eabi/4.9.3/../../../../arm-none-eabi/lib/armv7-m\libc_nano.a(lib_a-memchr.o)
                              c:/sublime text build 3126/gnu tools arm embedded/bin/../lib/gcc/arm-none-eabi/4.9.3/../../../../arm-none-eabi/lib/armv7-m\libc_nano.a(lib_a-nano-vfprintf_i.o) (memchr)
c:/sublime text build 3126/gnu tools arm embedded/bin/../lib/gcc/arm-none-eabi/4.9.3/../../../../arm-none-eabi/lib/armv7-m\libc_nano.a(lib_a-memcpy.o)
                              c:/sublime text build 3126/gnu tools arm embedded/bin/../lib/gcc/arm-none-eabi/4.9.3/../../../../arm-none-eabi/lib/armv7-m\libc_nano.a(lib_a-dtoa.o) (memcpy)
c:/sublime text build 3126/gnu tools arm embedded/bin/../lib/gcc/arm-none-eabi/4.9.3/../../../../arm-none-eabi/lib/armv7-m\libc_nano.a(lib_a-mprec.o)
                              c:/sublime text build 3126/gnu tools arm embedded/bin/../lib/gcc/arm-none-eabi/4.9.3/../../../../arm-none-eabi/lib/armv7-m\libc_nano.a(lib_a-dtoa.o) (_Balloc)
c:/sublime text build 3126/gnu tools arm embedded/bin/../lib/gcc/arm-none-eabi/4.9.3/../../../../arm-none-eabi/lib/armv7-m\libc_nano.a(lib_a-nano-callocr.o)
                              c:/sublime text build 3126/gnu tools arm embedded/bin/../lib/gcc/arm-none-eabi/4.9.3/../../../../arm-none-eabi/lib/armv7-m\libc_nano.a(lib_a-mprec.o) (_calloc_r)
c:/sublime text build 3126/gnu tools arm embedded/bin/../lib/gcc/arm-none-eabi/4.9.3/../../../../arm-none-eabi/lib/armv7-m\libc_nano.a(lib_a-nano-freer.o)
                              c:/sublime text build 3126/gnu tools arm embedded/bin/../lib/gcc/arm-none-eabi/4.9.3/../../../../arm-none-eabi/lib/armv7-m\libc_nano.a(lib_a-malloc.o) (_free_r)
c:/sublime text build 3126/gnu tools arm embedded/bin/../lib/gcc/arm-none-eabi/4.9.3/../../../../arm-none-eabi/lib/armv7-m\libc_nano.a(lib_a-nano-mallocr.o)
                              c:/sublime text build 3126/gnu tools arm embedded/bin/../lib/gcc/arm-none-eabi/4.9.3/../../../../arm-none-eabi/lib/armv7-m\libc_nano.a(lib_a-malloc.o) (_malloc_r)
c:/sublime text build 3126/gnu tools arm embedded/bin/../lib/gcc/arm-none-eabi/4.9.3/../../../../arm-none-eabi/lib/armv7-m\libc_nano.a(lib_a-sbrkr.o)
                              c:/sublime text build 3126/gnu tools arm embedded/bin/../lib/gcc/arm-none-eabi/4.9.3/../../../../arm-none-eabi/lib/armv7-m\libc_nano.a(lib_a-nano-mallocr.o) (_sbrk_r)
c:/sublime text build 3126/gnu tools arm embedded/bin/../lib/gcc/arm-none-eabi/4.9.3/../../../../arm-none-eabi/lib/armv7-m\libc_nano.a(lib_a-strcmp.o)
[...]
Memory Configuration

Name             Origin             Length             Attributes
FLASH            0x08000000         0x00010000         xr
RAM              0x20000000         0x00005000         xrw
*default*        0x00000000         0xffffffff

Linker script and memory map

LOAD ./out/obj/system_stm32f10x.o
LOAD ./out/obj/core_cm3.o
LOAD ./out/obj/stm32f10x_gpio.o
LOAD ./out/obj/stm32f10x_fsmc.o
LOAD ./out/obj/stm32f10x_exti.o
LOAD ./out/obj/stm32f10x_bkp.o
LOAD ./out/obj/stm32f10x_spi.o
LOAD ./out/obj/stm32f10x_adc.o
LOAD ./out/obj/stm32f10x_iwdg.o
LOAD ./out/obj/misc.o
LOAD ./out/obj/stm32f10x_cec.o
LOAD ./out/obj/stm32f10x_wwdg.o
LOAD ./out/obj/stm32f10x_tim.o
LOAD ./out/obj/stm32f10x_usart.o
LOAD ./out/obj/stm32f10x_crc.o
LOAD ./out/obj/stm32f10x_flash.o
LOAD ./out/obj/stm32f10x_rcc.o
LOAD ./out/obj/stm32f10x_sdio.o
LOAD ./out/obj/stm32f10x_i2c.o
LOAD ./out/obj/stm32f10x_pwr.o
LOAD ./out/obj/stm32f10x_rtc.o
LOAD ./out/obj/stm32f10x_can.o
LOAD ./out/obj/stm32f10x_dac.o
LOAD ./out/obj/stm32f10x_dbgmcu.o
LOAD ./out/obj/stm32f10x_dma.o
LOAD ./out/obj/func.o
LOAD ./out/obj/timer_ini.o
LOAD ./out/obj/main.o
LOAD ./out/obj/usart1.o
LOAD ./out/obj/fattime.o
LOAD ./out/obj/sd_spi_stm32.o
LOAD ./out/obj/ff.o
LOAD ./out/obj/ccsbcs.o
LOAD ./out/obj/startup_stm32f10x_md.o
START GROUP
LOAD c:/sublime text build 3126/gnu tools arm embedded/bin/../lib/gcc/arm-none-eabi/4.9.3/armv7-m\libgcc.a
LOAD c:/sublime text build 3126/gnu tools arm embedded/bin/../lib/gcc/arm-none-eabi/4.9.3/../../../../arm-none-eabi/lib/armv7-m\libc_nano.a
END GROUP
START GROUP
LOAD c:/sublime text build 3126/gnu tools arm embedded/bin/../lib/gcc/arm-none-eabi/4.9.3/armv7-m\libgcc.a
LOAD c:/sublime text build 3126/gnu tools arm embedded/bin/../lib/gcc/arm-none-eabi/4.9.3/../../../../arm-none-eabi/lib/armv7-m\libc_nano.a
LOAD c:/sublime text build 3126/gnu tools arm embedded/bin/../lib/gcc/arm-none-eabi/4.9.3/../../../../arm-none-eabi/lib/armv7-m\libnosys.a
END GROUP
START GROUP
LOAD c:/sublime text build 3126/gnu tools arm embedded/bin/../lib/gcc/arm-none-eabi/4.9.3/armv7-m\libgcc.a
LOAD c:/sublime text build 3126/gnu tools arm embedded/bin/../lib/gcc/arm-none-eabi/4.9.3/../../../../arm-none-eabi/lib/armv7-m\libc_nano.a
LOAD c:/sublime text build 3126/gnu tools arm embedded/bin/../lib/gcc/arm-none-eabi/4.9.3/../../../../arm-none-eabi/lib/armv7-m\libnosys.a
END GROUP
                0x20005000                _estack = 0x20005000
                0x00000000                _Min_Heap_Size = 0x0
                0x00000400                _Min_Stack_Size = 0x400

.isr_vector     0x08000000      0x10c
                0x08000000                . = ALIGN (0x4)
 *(.isr_vector)
 .isr_vector    0x08000000      0x10c ./out/obj/startup_stm32f10x_md.o
                0x08000000                g_pfnVectors
                0x0800010c                . = ALIGN (0x4)

.text           0x08000110     0x27a4
                0x08000110                . = ALIGN (0x4)
 *(.text)
 .text          0x08000110      0x370 c:/sublime text build 3126/gnu tools arm embedded/bin/../lib/gcc/arm-none-eabi/4.9.3/armv7-m\libgcc.a(_arm_addsubdf3.o)
                0x08000110                __aeabi_drsub
                0x08000118                __aeabi_dsub
                0x08000118                __subdf3
                0x0800011c                __aeabi_dadd
                0x0800011c                __adddf3
                0x08000394                __floatunsidf
                0x08000394                __aeabi_ui2d
                0x080003b4                __floatsidf
                0x080003b4                __aeabi_i2d
                0x080003d8                __aeabi_f2d
                0x080003d8                __extendsfdf2
                0x08000414                __floatundidf
                0x08000414                __aeabi_ul2d
                0x08000424                __floatdidf
                0x08000424                __aeabi_l2d
 .text          0x08000480      0x424 c:/sublime text build 3126/gnu tools arm embedded/bin/../lib/gcc/arm-none-eabi/4.9.3/armv7-m\libgcc.a(_arm_muldivdf3.o)
                0x08000480                __aeabi_dmul
                0x08000480                __muldf3
                0x080006d4                __divdf3
                0x080006d4                __aeabi_ddiv
 .text          0x080008a4      0x110 c:/sublime text build 3126/gnu tools arm embedded/bin/../lib/gcc/arm-none-eabi/4.9.3/armv7-m\libgcc.a(_arm_cmpdf2.o)
                0x080008a4                __gtdf2
                0x080008a4                __gedf2
                0x080008ac                __ltdf2
                0x080008ac                __ledf2
                0x080008b4                __nedf2
                0x080008b4                __eqdf2
                0x080008b4                __cmpdf2
                0x08000930                __aeabi_cdrcmple
                0x08000940                __aeabi_cdcmpeq
                0x08000940                __aeabi_cdcmple
                0x08000950                __aeabi_dcmpeq
                0x08000964                __aeabi_dcmplt
                0x08000978                __aeabi_dcmple
                0x0800098c                __aeabi_dcmpge
                0x080009a0                __aeabi_dcmpgt
 .text          0x080009b4       0x50 c:/sublime text build 3126/gnu tools arm embedded/bin/../lib/gcc/arm-none-eabi/4.9.3/armv7-m\libgcc.a(_arm_fixdfsi.o)
                0x080009b4                __aeabi_d2iz
                0x080009b4                __fixdfsi
 *(.text*)
 .text.SystemInit
                0x08000a04      0x100 ./out/obj/system_stm32f10x.o
                0x08000a04                SystemInit
 .text.SystemCoreClockUpdate
                0x08000b04       0x8c ./out/obj/system_stm32f10x.o
                0x08000b04                SystemCoreClockUpdate
 .text.GPIO_Init
                0x08000b90       0xa0 ./out/obj/stm32f10x_gpio.o
                0x08000b90                GPIO_Init
 .text.GPIO_SetBits
                0x08000c30        0x4 ./out/obj/stm32f10x_gpio.o
                0x08000c30                GPIO_SetBits
 .text.GPIO_ResetBits
                0x08000c34        0x4 ./out/obj/stm32f10x_gpio.o
                0x08000c34                GPIO_ResetBits
 .text.TIM_GetITStatus
                0x08000c38       0x18 ./out/obj/stm32f10x_tim.o
                0x08000c38                TIM_GetITStatus
 .text.TIM_ClearITPendingBit
                0x08000c50        0x8 ./out/obj/stm32f10x_tim.o
                0x08000c50                TIM_ClearITPendingBit
 .text.RCC_APB2PeriphClockCmd
                0x08000c58       0x1c ./out/obj/stm32f10x_rcc.o
                0x08000c58                RCC_APB2PeriphClockCmd
 .text.SysTick_Handler
                0x08000c74       0x18 ./out/obj/func.o
                0x08000c74                SysTick_Handler
 .text.delay_ms
                0x08000c8c       0x14 ./out/obj/func.o
                0x08000c8c                delay_ms
 .text.pin_ini  0x08000ca0       0x68 ./out/obj/func.o
                0x08000ca0                pin_ini
 .text.TIM2_IRQHandler
                0x08000d08       0x20 ./out/obj/timer_ini.o
                0x08000d08                TIM2_IRQHandler
 .text.main     0x08000d28       0x7c ./out/obj/main.o
                0x08000d28                main
 .text.disk_timerproc
                0x08000da4       0x4c ./out/obj/sd_spi_stm32.o
                0x08000da4                disk_timerproc
 .text.Reset_Handler
                0x08000df0       0x44 ./out/obj/startup_stm32f10x_md.o
                0x08000df0                Reset_Handler
 .text.Default_Handler
                0x08000e34        0x2 ./out/obj/startup_stm32f10x_md.o
                0x08000e34                EXTI2_IRQHandler
                0x08000e34                DebugMon_Handler
                0x08000e34                TIM1_CC_IRQHandler
                0x08000e34                HardFault_Handler
                0x08000e34                PVD_IRQHandler
                0x08000e34                PendSV_Handler
                0x08000e34                NMI_Handler
                0x08000e34                EXTI3_IRQHandler
                0x08000e34                EXTI0_IRQHandler
                0x08000e34                I2C2_EV_IRQHandler
                0x08000e34                UsageFault_Handler
                0x08000e34                ADC1_2_IRQHandler
                0x08000e34                SPI1_IRQHandler
                0x08000e34                TAMPER_IRQHandler
                0x08000e34                DMA1_Channel4_IRQHandler
                0x08000e34                USART3_IRQHandler
                0x08000e34                RTC_IRQHandler
                0x08000e34                DMA1_Channel7_IRQHandler
                0x08000e34                CAN1_RX1_IRQHandler
                0x08000e34                TIM4_IRQHandler
                0x08000e34                I2C1_EV_IRQHandler
                0x08000e34                DMA1_Channel6_IRQHandler
                0x08000e34                TIM3_IRQHandler
                0x08000e34                RCC_IRQHandler
                0x08000e34                TIM1_TRG_COM_IRQHandler
                0x08000e34                DMA1_Channel1_IRQHandler
                0x08000e34                Default_Handler
                0x08000e34                EXTI15_10_IRQHandler
                0x08000e34                EXTI9_5_IRQHandler
                0x08000e34                SPI2_IRQHandler
                0x08000e34                MemManage_Handler
                0x08000e34                SVC_Handler
                0x08000e34                DMA1_Channel5_IRQHandler
                0x08000e34                EXTI4_IRQHandler
                0x08000e34                USB_LP_CAN1_RX0_IRQHandler
                0x08000e34                USB_HP_CAN1_TX_IRQHandler
                0x08000e34                DMA1_Channel3_IRQHandler
                0x08000e34                TIM1_UP_IRQHandler
                0x08000e34                WWDG_IRQHandler
                0x08000e34                TIM1_BRK_IRQHandler
                0x08000e34                EXTI1_IRQHandler
                0x08000e34                RTCAlarm_IRQHandler
                0x08000e34                USART2_IRQHandler
                0x08000e34                I2C2_ER_IRQHandler
                0x08000e34                DMA1_Channel2_IRQHandler
                0x08000e34                CAN1_SCE_IRQHandler
                0x08000e34                FLASH_IRQHandler
                0x08000e34                BusFault_Handler
                0x08000e34                USART1_IRQHandler
                0x08000e34                I2C1_ER_IRQHandler
                0x08000e34                USBWakeUp_IRQHandler
 .text.__cvt    0x08000e36       0xbc c:/sublime text build 3126/gnu tools arm embedded/bin/../lib/gcc/arm-none-eabi/4.9.3/../../../../arm-none-eabi/lib/armv7-m\libc_nano.a(lib_a-nano-vfprintf_float.o)
                0x08000e36                __cvt
 .text.__exponent
                0x08000ef2       0x62 c:/sublime text build 3126/gnu tools arm embedded/bin/../lib/gcc/arm-none-eabi/4.9.3/../../../../arm-none-eabi/lib/armv7-m\libc_nano.a(lib_a-nano-vfprintf_float.o)
                0x08000ef2                __exponent
 .text._printf_float
                0x08000f54      0x48c c:/sublime text build 3126/gnu tools arm embedded/bin/../lib/gcc/arm-none-eabi/4.9.3/../../../../arm-none-eabi/lib/armv7-m\libc_nano.a(lib_a-nano-vfprintf_float.o)
                0x08000f54                _printf_float
 .text._printf_common
                0x080013e0       0xea c:/sublime text build 3126/gnu tools arm embedded/bin/../lib/gcc/arm-none-eabi/4.9.3/../../../../arm-none-eabi/lib/armv7-m\libc_nano.a(lib_a-nano-vfprintf_i.o)
                0x080013e0                _printf_common
 *fill*         0x080014ca        0x2 
 .text.__fpclassifyd
                0x080014cc       0x50 c:/sublime text build 3126/gnu tools arm embedded/bin/../lib/gcc/arm-none-eabi/4.9.3/../../../../arm-none-eabi/lib/armv7-m\libc_nano.a(lib_a-s_fpclassify.o)
                0x080014cc                __fpclassifyd
 .text.strlen   0x0800151c       0x10 c:/sublime text build 3126/gnu tools arm embedded/bin/../lib/gcc/arm-none-eabi/4.9.3/../../../../arm-none-eabi/lib/armv7-m\libc_nano.a(lib_a-strlen.o)
                0x0800151c                strlen
 .text.quorem   0x0800152c      0x114 c:/sublime text build 3126/gnu tools arm embedded/bin/../lib/gcc/arm-none-eabi/4.9.3/../../../../arm-none-eabi/lib/armv7-m\libc_nano.a(lib_a-dtoa.o)
 .text._dtoa_r  0x08001640      0xb74 c:/sublime text build 3126/gnu tools arm embedded/bin/../lib/gcc/arm-none-eabi/4.9.3/../../../../arm-none-eabi/lib/armv7-m\libc_nano.a(lib_a-dtoa.o)
                0x08001640                _dtoa_r
 .text._localeconv_r
                0x080021b4        0x8 c:/sublime text build 3126/gnu tools arm embedded/bin/../lib/gcc/arm-none-eabi/4.9.3/../../../../arm-none-eabi/lib/armv7-m\libc_nano.a(lib_a-locale.o)
                0x080021b4                _localeconv_r
 .text.malloc   0x080021bc       0x10 c:/sublime text build 3126/gnu tools arm embedded/bin/../lib/gcc/arm-none-eabi/4.9.3/../../../../arm-none-eabi/lib/armv7-m\libc_nano.a(lib_a-malloc.o)
                0x080021bc                malloc
 .text.memcpy   0x080021cc       0x16 c:/sublime text build 3126/gnu tools arm embedded/bin/../lib/gcc/arm-none-eabi/4.9.3/../../../../arm-none-eabi/lib/armv7-m\libc_nano.a(lib_a-memcpy.o)
                0x080021cc                memcpy
 .text._Balloc  0x080021e2       0x6a c:/sublime text build 3126/gnu tools arm embedded/bin/../lib/gcc/arm-none-eabi/4.9.3/../../../../arm-none-eabi/lib/armv7-m\libc_nano.a(lib_a-mprec.o)
                0x080021e2                _Balloc
 .text._Bfree   0x0800224c       0x2e c:/sublime text build 3126/gnu tools arm embedded/bin/../lib/gcc/arm-none-eabi/4.9.3/../../../../arm-none-eabi/lib/armv7-m\libc_nano.a(lib_a-mprec.o)
                0x0800224c                _Bfree
 .text.__multadd
                0x0800227a       0x7c c:/sublime text build 3126/gnu tools arm embedded/bin/../lib/gcc/arm-none-eabi/4.9.3/../../../../arm-none-eabi/lib/armv7-m\libc_nano.a(lib_a-mprec.o)
                0x0800227a                __multadd
 .text.__hi0bits
                0x080022f6       0x40 c:/sublime text build 3126/gnu tools arm embedded/bin/../lib/gcc/arm-none-eabi/4.9.3/../../../../arm-none-eabi/lib/armv7-m\libc_nano.a(lib_a-mprec.o)
                0x080022f6                __hi0bits
 .text.__lo0bits
                0x08002336       0x5a c:/sublime text build 3126/gnu tools arm embedded/bin/../lib/gcc/arm-none-eabi/4.9.3/../../../../arm-none-eabi/lib/armv7-m\libc_nano.a(lib_a-mprec.o)
                0x08002336                __lo0bits
 .text.__i2b    0x08002390       0x12 c:/sublime text build 3126/gnu tools arm embedded/bin/../lib/gcc/arm-none-eabi/4.9.3/../../../../arm-none-eabi/lib/armv7-m\libc_nano.a(lib_a-mprec.o)
                0x08002390                __i2b
 .text.__multiply
                0x080023a2      0x120 c:/sublime text build 3126/gnu tools arm embedded/bin/../lib/gcc/arm-none-eabi/4.9.3/../../../../arm-none-eabi/lib/armv7-m\libc_nano.a(lib_a-mprec.o)
                0x080023a2                __multiply
 *fill*         0x080024c2        0x2 
 .text.__pow5mult
                0x080024c4       0x9c c:/sublime text build 3126/gnu tools arm embedded/bin/../lib/gcc/arm-none-eabi/4.9.3/../../../../arm-none-eabi/lib/armv7-m\libc_nano.a(lib_a-mprec.o)
                0x080024c4                __pow5mult
 .text.__lshift
                0x08002560       0xa6 c:/sublime text build 3126/gnu tools arm embedded/bin/../lib/gcc/arm-none-eabi/4.9.3/../../../../arm-none-eabi/lib/armv7-m\libc_nano.a(lib_a-mprec.o)
                0x08002560                __lshift
 .text.__mcmp   0x08002606       0x38 c:/sublime text build 3126/gnu tools arm embedded/bin/../lib/gcc/arm-none-eabi/4.9.3/../../../../arm-none-eabi/lib/armv7-m\libc_nano.a(lib_a-mprec.o)
                0x08002606                __mcmp
 .text.__mdiff  0x0800263e       0xbe c:/sublime text build 3126/gnu tools arm embedded/bin/../lib/gcc/arm-none-eabi/4.9.3/../../../../arm-none-eabi/lib/armv7-m\libc_nano.a(lib_a-mprec.o)
                0x0800263e                __mdiff
 .text.__d2b    0x080026fc       0xa4 c:/sublime text build 3126/gnu tools arm embedded/bin/../lib/gcc/arm-none-eabi/4.9.3/../../../../arm-none-eabi/lib/armv7-m\libc_nano.a(lib_a-mprec.o)
                0x080026fc                __d2b
 .text._calloc_r
                0x080027a0       0x1c c:/sublime text build 3126/gnu tools arm embedded/bin/../lib/gcc/arm-none-eabi/4.9.3/../../../../arm-none-eabi/lib/armv7-m\libc_nano.a(lib_a-nano-callocr.o)
                0x080027a0                _calloc_r
 .text._malloc_r
                0x080027bc       0xac c:/sublime text build 3126/gnu tools arm embedded/bin/../lib/gcc/arm-none-eabi/4.9.3/../../../../arm-none-eabi/lib/armv7-m\libc_nano.a(lib_a-nano-mallocr.o)
                0x080027bc                _malloc_r
 .text._sbrk_r  0x08002868       0x20 c:/sublime text build 3126/gnu tools arm embedded/bin/../lib/gcc/arm-none-eabi/4.9.3/../../../../arm-none-eabi/lib/armv7-m\libc_nano.a(lib_a-sbrkr.o)
                0x08002868                _sbrk_r
 .text.memset   0x08002888       0x10 c:/sublime text build 3126/gnu tools arm embedded/bin/../lib/gcc/arm-none-eabi/4.9.3/../../../../arm-none-eabi/lib/armv7-m\libc_nano.a(lib_a-memset.o)
                0x08002888                memset
 .text._sbrk    0x08002898       0x1c c:/sublime text build 3126/gnu tools arm embedded/bin/../lib/gcc/arm-none-eabi/4.9.3/../../../../arm-none-eabi/lib/armv7-m\libnosys.a(sbrk.o)
                0x08002898                _sbrk
 *(.glue_7)
 .glue_7        0x00000000        0x0 linker stubs
 *(.glue_7t)
 .glue_7t       0x00000000        0x0 linker stubs
 *(.eh_frame)
 *(.init)
 *(.fini)
                0x080028b4                . = ALIGN (0x4)
                0x080028b4                _etext = .

.vfp11_veneer   0x080028b4        0x0
 .vfp11_veneer  0x00000000        0x0 linker stubs

.v4_bx          0x080028b4        0x0
 .v4_bx         0x00000000        0x0 linker stubs

.iplt           0x080028b4        0x0
 .iplt          0x00000000        0x0 ./out/obj/system_stm32f10x.o

.rodata         0x080028b8      0x12c
                0x080028b8                . = ALIGN (0x4)
 *(.rodata)
 *(.rodata*)
 .rodata.str1.1
                0x080028b8       0x12 c:/sublime text build 3126/gnu tools arm embedded/bin/../lib/gcc/arm-none-eabi/4.9.3/../../../../arm-none-eabi/lib/armv7-m\libc_nano.a(lib_a-nano-vfprintf_float.o)
 .rodata.str1.1
                0x080028ca        0xd c:/sublime text build 3126/gnu tools arm embedded/bin/../lib/gcc/arm-none-eabi/4.9.3/../../../../arm-none-eabi/lib/armv7-m\libc_nano.a(lib_a-dtoa.o)
                                  0xf (size before relaxing)
 .rodata.str1.1
                0x080028d7        0xa c:/sublime text build 3126/gnu tools arm embedded/bin/../lib/gcc/arm-none-eabi/4.9.3/../../../../arm-none-eabi/lib/armv7-m\libc_nano.a(lib_a-locale.o)
                                  0xb (size before relaxing)
 *fill*         0x080028e1        0x7 
 .rodata.__mprec_tens
                0x080028e8       0xc8 c:/sublime text build 3126/gnu tools arm embedded/bin/../lib/gcc/arm-none-eabi/4.9.3/../../../../arm-none-eabi/lib/armv7-m\libc_nano.a(lib_a-mprec.o)
                0x080028e8                __mprec_tens
 .rodata.__mprec_bigtens
                0x080029b0       0x28 c:/sublime text build 3126/gnu tools arm embedded/bin/../lib/gcc/arm-none-eabi/4.9.3/../../../../arm-none-eabi/lib/armv7-m\libc_nano.a(lib_a-mprec.o)
                0x080029b0                __mprec_bigtens
 .rodata.p05.5314
                0x080029d8        0xc c:/sublime text build 3126/gnu tools arm embedded/bin/../lib/gcc/arm-none-eabi/4.9.3/../../../../arm-none-eabi/lib/armv7-m\libc_nano.a(lib_a-mprec.o)
 .rodata.str1.1
                0x00000000        0x2 c:/sublime text build 3126/gnu tools arm embedded/bin/../lib/gcc/arm-none-eabi/4.9.3/../../../../arm-none-eabi/lib/armv7-m\libc_nano.a(lib_a-impure.o)
                0x080029e4                . = ALIGN (0x4)

.rel.dyn        0x080029e4        0x0
 .rel.iplt      0x00000000        0x0 ./out/obj/system_stm32f10x.o

.ARM.extab
 *(.ARM.extab* .gnu.linkonce.armextab.*)

.ARM            0x080029e4        0x0
                0x080029e4                __exidx_start = .
 *(.ARM.exidx*)
                0x080029e4                __exidx_end = .

.preinit_array  0x080029e4        0x0
                0x080029e4                PROVIDE (__preinit_array_start, .)
 *(.preinit_array*)
                0x080029e4                PROVIDE (__preinit_array_end, .)

.init_array     0x080029e4        0x0
                0x080029e4                PROVIDE (__init_array_start, .)
 *(SORT(.init_array.*))
 *(.init_array*)
                0x080029e4                PROVIDE (__init_array_end, .)

.fini_array     0x080029e4        0x0
                0x080029e4                PROVIDE (__fini_array_start, .)
 *(SORT(.fini_array.*))
 *(.fini_array*)
                0x080029e4                PROVIDE (__fini_array_end, .)
                0x080029e4                _sidata = LOADADDR (.data)

.data           0x20000000       0xb4 load address 0x080029e4
                0x20000000                . = ALIGN (0x4)
                0x20000000                _sdata = .
 *(.data)
 *(.data*)
 .data.AHBPrescTable
                0x20000000       0x10 ./out/obj/system_stm32f10x.o
                0x20000000                AHBPrescTable
 .data.SystemCoreClock
                0x20000010        0x4 ./out/obj/system_stm32f10x.o
                0x20000010                SystemCoreClock
 .data.Stat     0x20000014        0x1 ./out/obj/sd_spi_stm32.o
 *fill*         0x20000015        0x3 
 .data.lconv    0x20000018       0x38 c:/sublime text build 3126/gnu tools arm embedded/bin/../lib/gcc/arm-none-eabi/4.9.3/../../../../arm-none-eabi/lib/armv7-m\libc_nano.a(lib_a-locale.o)
 .data.impure_data
                0x20000050       0x60 c:/sublime text build 3126/gnu tools arm embedded/bin/../lib/gcc/arm-none-eabi/4.9.3/../../../../arm-none-eabi/lib/armv7-m\libc_nano.a(lib_a-impure.o)
 .data._impure_ptr
                0x200000b0        0x4 c:/sublime text build 3126/gnu tools arm embedded/bin/../lib/gcc/arm-none-eabi/4.9.3/../../../../arm-none-eabi/lib/armv7-m\libc_nano.a(lib_a-impure.o)
                0x200000b0                _impure_ptr
                0x200000b4                . = ALIGN (0x4)
                0x200000b4                _edata = .

.igot.plt       0x200000b4        0x0 load address 0x08002a98
 .igot.plt      0x00000000        0x0 ./out/obj/system_stm32f10x.o
                0x200000b4                . = ALIGN (0x4)

.bss            0x200000b4       0x20 load address 0x08002a98
                0x200000b4                _sbss = .
                0x200000b4                __bss_start__ = _sbss
 *(.bss)
 *(.bss*)
 .bss.Timer1    0x200000b4        0x4 ./out/obj/sd_spi_stm32.o
 .bss.Timer2    0x200000b8        0x4 ./out/obj/sd_spi_stm32.o
 .bss.pv.6527   0x200000bc        0x4 ./out/obj/sd_spi_stm32.o
 .bss.__malloc_sbrk_start
                0x200000c0        0x4 c:/sublime text build 3126/gnu tools arm embedded/bin/../lib/gcc/arm-none-eabi/4.9.3/../../../../arm-none-eabi/lib/armv7-m\libc_nano.a(lib_a-nano-mallocr.o)
                0x200000c0                __malloc_sbrk_start
 .bss.__malloc_free_list
                0x200000c4        0x4 c:/sublime text build 3126/gnu tools arm embedded/bin/../lib/gcc/arm-none-eabi/4.9.3/../../../../arm-none-eabi/lib/armv7-m\libc_nano.a(lib_a-nano-mallocr.o)
                0x200000c4                __malloc_free_list
 .bss.heap_end.4079
                0x200000c8        0x4 c:/sublime text build 3126/gnu tools arm embedded/bin/../lib/gcc/arm-none-eabi/4.9.3/../../../../arm-none-eabi/lib/armv7-m\libnosys.a(sbrk.o)
 *(COMMON)
 COMMON         0x200000cc        0x2 ./out/obj/func.o
                0x200000cc                delay_count
 *fill*         0x200000ce        0x2 
 COMMON         0x200000d0        0x4 c:/sublime text build 3126/gnu tools arm embedded/bin/../lib/gcc/arm-none-eabi/4.9.3/../../../../arm-none-eabi/lib/armv7-m\libc_nano.a(lib_a-reent.o)
                0x200000d0                errno
                0x200000d4                . = ALIGN (0x4)
                0x200000d4                _ebss = .
                0x200000d4                __bss_end__ = _ebss

._user_heap_stack
                0x200000d4      0x400 load address 0x08002a98
                0x200000d4                . = ALIGN (0x4)
                0x200000d4                PROVIDE (end, .)
                0x200000d4                PROVIDE (_end, .)
                0x200000d4                . = (. + _Min_Heap_Size)
                0x200004d4                . = (. + _Min_Stack_Size)
 *fill*         0x200000d4      0x400 
                0x200004d4                . = ALIGN (0x4)

/DISCARD/
 libc.a(*)
 libm.a(*)
 libgcc.a(*)

.ARM.attributes
                0x00000000       0x31
 *(.ARM.attributes)
 .ARM.attributes
                0x00000000       0x33 ./out/obj/system_stm32f10x.o
 .ARM.attributes
                0x00000033       0x33 ./out/obj/stm32f10x_gpio.o
 .ARM.attributes
                0x00000066       0x33 ./out/obj/stm32f10x_tim.o
 .ARM.attributes
                0x00000099       0x33 ./out/obj/stm32f10x_rcc.o
 .ARM.attributes
                0x000000cc       0x33 ./out/obj/func.o
 .ARM.attributes
                0x000000ff       0x33 ./out/obj/timer_ini.o
 .ARM.attributes
                0x00000132       0x33 ./out/obj/main.o
 .ARM.attributes
                0x00000165       0x33 ./out/obj/sd_spi_stm32.o
 .ARM.attributes
                0x00000198       0x21 ./out/obj/startup_stm32f10x_md.o
 .ARM.attributes
                0x000001b9       0x2d c:/sublime text build 3126/gnu tools arm embedded/bin/../lib/gcc/arm-none-eabi/4.9.3/../../../../arm-none-eabi/lib/armv7-m\libc_nano.a(lib_a-nano-vfprintf_float.o)
 .ARM.attributes
                0x000001e6       0x2d c:/sublime text build 3126/gnu tools arm embedded/bin/../lib/gcc/arm-none-eabi/4.9.3/../../../../arm-none-eabi/lib/armv7-m\libc_nano.a(lib_a-nano-vfprintf_i.o)
 .ARM.attributes
                0x00000213       0x2d c:/sublime text build 3126/gnu tools arm embedded/bin/../lib/gcc/arm-none-eabi/4.9.3/../../../../arm-none-eabi/lib/armv7-m\libc_nano.a(lib_a-s_fpclassify.o)
 .ARM.attributes
                0x00000240       0x2d c:/sublime text build 3126/gnu tools arm embedded/bin/../lib/gcc/arm-none-eabi/4.9.3/../../../../arm-none-eabi/lib/armv7-m\libc_nano.a(lib_a-strlen.o)
 .ARM.attributes
                0x0000026d       0x2d c:/sublime text build 3126/gnu tools arm embedded/bin/../lib/gcc/arm-none-eabi/4.9.3/../../../../arm-none-eabi/lib/armv7-m\libc_nano.a(lib_a-dtoa.o)
 .ARM.attributes
                0x0000029a       0x2d c:/sublime text build 3126/gnu tools arm embedded/bin/../lib/gcc/arm-none-eabi/4.9.3/../../../../arm-none-eabi/lib/armv7-m\libc_nano.a(lib_a-locale.o)
 .ARM.attributes
                0x000002c7       0x2d c:/sublime text build 3126/gnu tools arm embedded/bin/../lib/gcc/arm-none-eabi/4.9.3/../../../../arm-none-eabi/lib/armv7-m\libc_nano.a(lib_a-malloc.o)
 .ARM.attributes
                0x000002f4       0x2d c:/sublime text build 3126/gnu tools arm embedded/bin/../lib/gcc/arm-none-eabi/4.9.3/../../../../arm-none-eabi/lib/armv7-m\libc_nano.a(lib_a-memcpy.o)
 .ARM.attributes
                0x00000321       0x2d c:/sublime text build 3126/gnu tools arm embedded/bin/../lib/gcc/arm-none-eabi/4.9.3/../../../../arm-none-eabi/lib/armv7-m\libc_nano.a(lib_a-mprec.o)
 .ARM.attributes
                0x0000034e       0x2d c:/sublime text build 3126/gnu tools arm embedded/bin/../lib/gcc/arm-none-eabi/4.9.3/../../../../arm-none-eabi/lib/armv7-m\libc_nano.a(lib_a-nano-callocr.o)
 .ARM.attributes
                0x0000037b       0x2d c:/sublime text build 3126/gnu tools arm embedded/bin/../lib/gcc/arm-none-eabi/4.9.3/../../../../arm-none-eabi/lib/armv7-m\libc_nano.a(lib_a-nano-mallocr.o)
 .ARM.attributes
                0x000003a8       0x2d c:/sublime text build 3126/gnu tools arm embedded/bin/../lib/gcc/arm-none-eabi/4.9.3/../../../../arm-none-eabi/lib/armv7-m\libc_nano.a(lib_a-sbrkr.o)
 .ARM.attributes
                0x000003d5       0x2d c:/sublime text build 3126/gnu tools arm embedded/bin/../lib/gcc/arm-none-eabi/4.9.3/../../../../arm-none-eabi/lib/armv7-m\libc_nano.a(lib_a-impure.o)
 .ARM.attributes
                0x00000402       0x2d c:/sublime text build 3126/gnu tools arm embedded/bin/../lib/gcc/arm-none-eabi/4.9.3/../../../../arm-none-eabi/lib/armv7-m\libc_nano.a(lib_a-memset.o)
 .ARM.attributes
                0x0000042f       0x2d c:/sublime text build 3126/gnu tools arm embedded/bin/../lib/gcc/arm-none-eabi/4.9.3/../../../../arm-none-eabi/lib/armv7-m\libc_nano.a(lib_a-reent.o)
 .ARM.attributes
                0x0000045c       0x1d c:/sublime text build 3126/gnu tools arm embedded/bin/../lib/gcc/arm-none-eabi/4.9.3/armv7-m\libgcc.a(_arm_addsubdf3.o)
 .ARM.attributes
                0x00000479       0x1d c:/sublime text build 3126/gnu tools arm embedded/bin/../lib/gcc/arm-none-eabi/4.9.3/armv7-m\libgcc.a(_arm_muldivdf3.o)
 .ARM.attributes
                0x00000496       0x1d c:/sublime text build 3126/gnu tools arm embedded/bin/../lib/gcc/arm-none-eabi/4.9.3/armv7-m\libgcc.a(_arm_cmpdf2.o)
 .ARM.attributes
                0x000004b3       0x1d c:/sublime text build 3126/gnu tools arm embedded/bin/../lib/gcc/arm-none-eabi/4.9.3/armv7-m\libgcc.a(_arm_fixdfsi.o)
 .ARM.attributes
                0x000004d0       0x2d c:/sublime text build 3126/gnu tools arm embedded/bin/../lib/gcc/arm-none-eabi/4.9.3/../../../../arm-none-eabi/lib/armv7-m\libnosys.a(sbrk.o)
OUTPUT(./out/hex/armf.elf elf32-littlearm)

.debug_info     0x00000000     0x6582
 .debug_info    0x00000000      0x4c3 ./out/obj/system_stm32f10x.o
 .debug_info    0x000004c3      0x8e9 ./out/obj/stm32f10x_gpio.o
 .debug_info    0x00000dac     0x2440 ./out/obj/stm32f10x_tim.o
 .debug_info    0x000031ec      0x955 ./out/obj/stm32f10x_rcc.o
 .debug_info    0x00003b41      0x3c6 ./out/obj/func.o
 .debug_info    0x00003f07      0x853 ./out/obj/timer_ini.o
 .debug_info    0x0000475a      0x74a ./out/obj/main.o
 .debug_info    0x00004ea4     0x168c ./out/obj/sd_spi_stm32.o
 .debug_info    0x00006530       0x52 ./out/obj/startup_stm32f10x_md.o

.debug_abbrev   0x00000000     0x115b
 .debug_abbrev  0x00000000      0x19d ./out/obj/system_stm32f10x.o
 .debug_abbrev  0x0000019d      0x20e ./out/obj/stm32f10x_gpio.o
 .debug_abbrev  0x000003ab      0x2cd ./out/obj/stm32f10x_tim.o
 .debug_abbrev  0x00000678      0x21a ./out/obj/stm32f10x_rcc.o
 .debug_abbrev  0x00000892      0x1aa ./out/obj/func.o
 .debug_abbrev  0x00000a3c      0x1f4 ./out/obj/timer_ini.o
 .debug_abbrev  0x00000c30      0x22a ./out/obj/main.o
 .debug_abbrev  0x00000e5a      0x2ef ./out/obj/sd_spi_stm32.o
 .debug_abbrev  0x00001149       0x12 ./out/obj/startup_stm32f10x_md.o

.debug_loc      0x00000000     0x3f14
 .debug_loc     0x00000000      0x114 ./out/obj/system_stm32f10x.o
 .debug_loc     0x00000114      0x58b ./out/obj/stm32f10x_gpio.o
 .debug_loc     0x0000069f     0x1f31 ./out/obj/stm32f10x_tim.o
 .debug_loc     0x000025d0      0x768 ./out/obj/stm32f10x_rcc.o
 .debug_loc     0x00002d38       0x64 ./out/obj/func.o
 .debug_loc     0x00002d9c       0x58 ./out/obj/timer_ini.o
 .debug_loc     0x00002df4       0x63 ./out/obj/main.o
 .debug_loc     0x00002e57     0x10bd ./out/obj/sd_spi_stm32.o

.debug_aranges  0x00000000      0x600
 .debug_aranges
                0x00000000       0x28 ./out/obj/system_stm32f10x.o
 .debug_aranges
                0x00000028       0xa8 ./out/obj/stm32f10x_gpio.o
 .debug_aranges
                0x000000d0      0x2e0 ./out/obj/stm32f10x_tim.o
 .debug_aranges
                0x000003b0      0x118 ./out/obj/stm32f10x_rcc.o
 .debug_aranges
                0x000004c8       0x30 ./out/obj/func.o
 .debug_aranges
                0x000004f8       0x28 ./out/obj/timer_ini.o
 .debug_aranges
                0x00000520       0x20 ./out/obj/main.o
 .debug_aranges
                0x00000540       0x98 ./out/obj/sd_spi_stm32.o
 .debug_aranges
                0x000005d8       0x28 ./out/obj/startup_stm32f10x_md.o

.debug_ranges   0x00000000      0x578
 .debug_ranges  0x00000000       0x18 ./out/obj/system_stm32f10x.o
 .debug_ranges  0x00000018       0x98 ./out/obj/stm32f10x_gpio.o
 .debug_ranges  0x000000b0      0x2d0 ./out/obj/stm32f10x_tim.o
 .debug_ranges  0x00000380      0x108 ./out/obj/stm32f10x_rcc.o
 .debug_ranges  0x00000488       0x20 ./out/obj/func.o
 .debug_ranges  0x000004a8       0x18 ./out/obj/timer_ini.o
 .debug_ranges  0x000004c0       0x10 ./out/obj/main.o
 .debug_ranges  0x000004d0       0x88 ./out/obj/sd_spi_stm32.o
 .debug_ranges  0x00000558       0x20 ./out/obj/startup_stm32f10x_md.o

.debug_line     0x00000000     0x1c71
 .debug_line    0x00000000      0x174 ./out/obj/system_stm32f10x.o
 .debug_line    0x00000174      0x313 ./out/obj/stm32f10x_gpio.o
 .debug_line    0x00000487      0x9a2 ./out/obj/stm32f10x_tim.o
 .debug_line    0x00000e29      0x3ec ./out/obj/stm32f10x_rcc.o
 .debug_line    0x00001215      0x198 ./out/obj/func.o
 .debug_line    0x000013ad      0x1a4 ./out/obj/timer_ini.o
 .debug_line    0x00001551      0x1b5 ./out/obj/main.o
 .debug_line    0x00001706      0x4ef ./out/obj/sd_spi_stm32.o
 .debug_line    0x00001bf5       0x7c ./out/obj/startup_stm32f10x_md.o

.debug_str      0x00000000     0x1e2a
 .debug_str     0x00000000      0x268 ./out/obj/system_stm32f10x.o
                                0x2d4 (size before relaxing)
 .debug_str     0x00000268      0x3b8 ./out/obj/stm32f10x_gpio.o
                                0x52f (size before relaxing)
 .debug_str     0x00000620      0xbce ./out/obj/stm32f10x_tim.o
                                0xe0a (size before relaxing)
 .debug_str     0x000011ee      0x396 ./out/obj/stm32f10x_rcc.o
                                0x619 (size before relaxing)
 .debug_str     0x00001584       0x68 ./out/obj/func.o
                                0x35d (size before relaxing)
 .debug_str     0x000015ec      0x362 ./out/obj/timer_ini.o
                                0x6fa (size before relaxing)
 .debug_str     0x0000194e       0x68 ./out/obj/main.o
                                0x5d9 (size before relaxing)
 .debug_str     0x000019b6      0x474 ./out/obj/sd_spi_stm32.o
                                0x80c (size before relaxing)

.comment        0x00000000       0x70
 .comment       0x00000000       0x70 ./out/obj/system_stm32f10x.o
                                 0x71 (size before relaxing)
 .comment       0x00000000       0x71 ./out/obj/stm32f10x_gpio.o
 .comment       0x00000000       0x71 ./out/obj/stm32f10x_tim.o
 .comment       0x00000000       0x71 ./out/obj/stm32f10x_rcc.o
 .comment       0x00000000       0x71 ./out/obj/func.o
 .comment       0x00000000       0x71 ./out/obj/timer_ini.o
 .comment       0x00000000       0x71 ./out/obj/main.o
 .comment       0x00000000       0x71 ./out/obj/sd_spi_stm32.o

.debug_frame    0x00000000     0x13b0
 .debug_frame   0x00000000       0x38 ./out/obj/system_stm32f10x.o
 .debug_frame   0x00000038      0x178 ./out/obj/stm32f10x_gpio.o
 .debug_frame   0x000001b0      0x6b4 ./out/obj/stm32f10x_tim.o
 .debug_frame   0x00000864      0x22c ./out/obj/stm32f10x_rcc.o
 .debug_frame   0x00000a90       0x58 ./out/obj/func.o
 .debug_frame   0x00000ae8       0x48 ./out/obj/timer_ini.o
 .debug_frame   0x00000b30       0x34 ./out/obj/main.o
 .debug_frame   0x00000b64      0x274 ./out/obj/sd_spi_stm32.o
 .debug_frame   0x00000dd8       0x8c c:/sublime text build 3126/gnu tools arm embedded/bin/../lib/gcc/arm-none-eabi/4.9.3/../../../../arm-none-eabi/lib/armv7-m\libc_nano.a(lib_a-nano-vfprintf_float.o)
 .debug_frame   0x00000e64       0x58 c:/sublime text build 3126/gnu tools arm embedded/bin/../lib/gcc/arm-none-eabi/4.9.3/../../../../arm-none-eabi/lib/armv7-m\libc_nano.a(lib_a-nano-vfprintf_i.o)
 .debug_frame   0x00000ebc       0x28 c:/sublime text build 3126/gnu tools arm embedded/bin/../lib/gcc/arm-none-eabi/4.9.3/../../../../arm-none-eabi/lib/armv7-m\libc_nano.a(lib_a-s_fpclassify.o)
 .debug_frame   0x00000ee4       0x20 c:/sublime text build 3126/gnu tools arm embedded/bin/../lib/gcc/arm-none-eabi/4.9.3/../../../../arm-none-eabi/lib/armv7-m\libc_nano.a(lib_a-strlen.o)
 .debug_frame   0x00000f04       0x6c c:/sublime text build 3126/gnu tools arm embedded/bin/../lib/gcc/arm-none-eabi/4.9.3/../../../../arm-none-eabi/lib/armv7-m\libc_nano.a(lib_a-dtoa.o)
 .debug_frame   0x00000f70       0x98 c:/sublime text build 3126/gnu tools arm embedded/bin/../lib/gcc/arm-none-eabi/4.9.3/../../../../arm-none-eabi/lib/armv7-m\libc_nano.a(lib_a-locale.o)
 .debug_frame   0x00001008       0x30 c:/sublime text build 3126/gnu tools arm embedded/bin/../lib/gcc/arm-none-eabi/4.9.3/../../../../arm-none-eabi/lib/armv7-m\libc_nano.a(lib_a-malloc.o)
 .debug_frame   0x00001038       0x28 c:/sublime text build 3126/gnu tools arm embedded/bin/../lib/gcc/arm-none-eabi/4.9.3/../../../../arm-none-eabi/lib/armv7-m\libc_nano.a(lib_a-memcpy.o)
 .debug_frame   0x00001060      0x230 c:/sublime text build 3126/gnu tools arm embedded/bin/../lib/gcc/arm-none-eabi/4.9.3/../../../../arm-none-eabi/lib/armv7-m\libc_nano.a(lib_a-mprec.o)
 .debug_frame   0x00001290       0x2c c:/sublime text build 3126/gnu tools arm embedded/bin/../lib/gcc/arm-none-eabi/4.9.3/../../../../arm-none-eabi/lib/armv7-m\libc_nano.a(lib_a-nano-callocr.o)
 .debug_frame   0x000012bc       0x2c c:/sublime text build 3126/gnu tools arm embedded/bin/../lib/gcc/arm-none-eabi/4.9.3/../../../../arm-none-eabi/lib/armv7-m\libc_nano.a(lib_a-nano-mallocr.o)
 .debug_frame   0x000012e8       0x2c c:/sublime text build 3126/gnu tools arm embedded/bin/../lib/gcc/arm-none-eabi/4.9.3/../../../../arm-none-eabi/lib/armv7-m\libc_nano.a(lib_a-sbrkr.o)
 .debug_frame   0x00001314       0x20 c:/sublime text build 3126/gnu tools arm embedded/bin/../lib/gcc/arm-none-eabi/4.9.3/../../../../arm-none-eabi/lib/armv7-m\libc_nano.a(lib_a-memset.o)
 .debug_frame   0x00001334       0x5c c:/sublime text build 3126/gnu tools arm embedded/bin/../lib/gcc/arm-none-eabi/4.9.3/../../../../arm-none-eabi/lib/armv7-m\libc_nano.a(lib_a-reent.o)
 .debug_frame   0x00001390       0x20 c:/sublime text build 3126/gnu tools arm embedded/bin/../lib/gcc/arm-none-eabi/4.9.3/../../../../arm-none-eabi/lib/armv7-m\libnosys.a(sbrk.o)

Cross Reference Table

Symbol                                            File
ADC1_2_IRQHandler                                 ./out/obj/startup_stm32f10x_md.o
ADC_AnalogWatchdogCmd                             ./out/obj/stm32f10x_adc.o
ADC_AnalogWatchdogSingleChannelConfig             ./out/obj/stm32f10x_adc.o
ADC_AnalogWatchdogThresholdsConfig                ./out/obj/stm32f10x_adc.o
ADC_AutoInjectedConvCmd                           ./out/obj/stm32f10x_adc.o
ADC_ClearFlag                                     ./out/obj/stm32f10x_adc.o
ADC_ClearITPendingBit                             ./out/obj/stm32f10x_adc.o
ADC_Cmd                                           ./out/obj/stm32f10x_adc.o
ADC_DMACmd                                        ./out/obj/stm32f10x_adc.o
ADC_DeInit                                        ./out/obj/stm32f10x_adc.o
ADC_DiscModeChannelCountConfig                    ./out/obj/stm32f10x_adc.o
ADC_DiscModeCmd                                   ./out/obj/stm32f10x_adc.o
ADC_ExternalTrigConvCmd                           ./out/obj/stm32f10x_adc.o
ADC_ExternalTrigInjectedConvCmd                   ./out/obj/stm32f10x_adc.o
ADC_ExternalTrigInjectedConvConfig                ./out/obj/stm32f10x_adc.o
ADC_GetCalibrationStatus                          ./out/obj/stm32f10x_adc.o
ADC_GetConversionValue                            ./out/obj/stm32f10x_adc.o
ADC_GetDualModeConversionValue                    ./out/obj/stm32f10x_adc.o
ADC_GetFlagStatus                                 ./out/obj/stm32f10x_adc.o
ADC_GetITStatus                                   ./out/obj/stm32f10x_adc.o
ADC_GetInjectedConversionValue                    ./out/obj/stm32f10x_adc.o
ADC_GetResetCalibrationStatus                     ./out/obj/stm32f10x_adc.o
ADC_GetSoftwareStartConvStatus                    ./out/obj/stm32f10x_adc.o
ADC_GetSoftwareStartInjectedConvCmdStatus         ./out/obj/stm32f10x_adc.o
ADC_ITConfig                                      ./out/obj/stm32f10x_adc.o
ADC_Init                                          ./out/obj/stm32f10x_adc.o
ADC_InjectedChannelConfig                         ./out/obj/stm32f10x_adc.o
ADC_InjectedDiscModeCmd                           ./out/obj/stm32f10x_adc.o
ADC_InjectedSequencerLengthConfig                 ./out/obj/stm32f10x_adc.o
ADC_RegularChannelConfig                          ./out/obj/stm32f10x_adc.o
ADC_ResetCalibration                              ./out/obj/stm32f10x_adc.o
ADC_SetInjectedOffset                             ./out/obj/stm32f10x_adc.o
ADC_SoftwareStartConvCmd                          ./out/obj/stm32f10x_adc.o
ADC_SoftwareStartInjectedConvCmd                  ./out/obj/stm32f10x_adc.o
ADC_StartCalibration                              ./out/obj/stm32f10x_adc.o
ADC_StructInit                                    ./out/obj/stm32f10x_adc.o
ADC_TempSensorVrefintCmd                          ./out/obj/stm32f10x_adc.o
AHBPrescTable                                     ./out/obj/system_stm32f10x.o
BKP_ClearFlag                                     ./out/obj/stm32f10x_bkp.o
BKP_ClearITPendingBit                             ./out/obj/stm32f10x_bkp.o
BKP_DeInit                                        ./out/obj/stm32f10x_bkp.o
BKP_GetFlagStatus                                 ./out/obj/stm32f10x_bkp.o
BKP_GetITStatus                                   ./out/obj/stm32f10x_bkp.o
BKP_ITConfig                                      ./out/obj/stm32f10x_bkp.o
BKP_RTCOutputConfig                               ./out/obj/stm32f10x_bkp.o
BKP_ReadBackupRegister                            ./out/obj/stm32f10x_bkp.o
BKP_SetRTCCalibrationValue                        ./out/obj/stm32f10x_bkp.o
BKP_TamperPinCmd                                  ./out/obj/stm32f10x_bkp.o
BKP_TamperPinLevelConfig                          ./out/obj/stm32f10x_bkp.o
BKP_WriteBackupRegister                           ./out/obj/stm32f10x_bkp.o
BusFault_Handler                                  ./out/obj/startup_stm32f10x_md.o
CAN1_RX1_IRQHandler                               ./out/obj/startup_stm32f10x_md.o
CAN1_SCE_IRQHandler                               ./out/obj/startup_stm32f10x_md.o
CAN_CancelTransmit                                ./out/obj/stm32f10x_can.o
CAN_ClearFlag                                     ./out/obj/stm32f10x_can.o
CAN_ClearITPendingBit                             ./out/obj/stm32f10x_can.o
CAN_DBGFreeze                                     ./out/obj/stm32f10x_can.o
CAN_DeInit                                        ./out/obj/stm32f10x_can.o
CAN_FIFORelease                                   ./out/obj/stm32f10x_can.o
CAN_FilterInit                                    ./out/obj/stm32f10x_can.o
CAN_GetFlagStatus                                 ./out/obj/stm32f10x_can.o
CAN_GetITStatus                                   ./out/obj/stm32f10x_can.o
CAN_GetLSBTransmitErrorCounter                    ./out/obj/stm32f10x_can.o
CAN_GetLastErrorCode                              ./out/obj/stm32f10x_can.o
CAN_GetReceiveErrorCounter                        ./out/obj/stm32f10x_can.o
CAN_ITConfig                                      ./out/obj/stm32f10x_can.o
CAN_Init                                          ./out/obj/stm32f10x_can.o
CAN_MessagePending                                ./out/obj/stm32f10x_can.o
CAN_OperatingModeRequest                          ./out/obj/stm32f10x_can.o
CAN_Receive                                       ./out/obj/stm32f10x_can.o
CAN_SlaveStartBank                                ./out/obj/stm32f10x_can.o
CAN_Sleep                                         ./out/obj/stm32f10x_can.o
CAN_StructInit                                    ./out/obj/stm32f10x_can.o
CAN_TTComModeCmd                                  ./out/obj/stm32f10x_can.o
CAN_Transmit                                      ./out/obj/stm32f10x_can.o
CAN_TransmitStatus                                ./out/obj/stm32f10x_can.o
CAN_WakeUp                                        ./out/obj/stm32f10x_can.o
CEC_ClearFlag                                     ./out/obj/stm32f10x_cec.o
CEC_ClearITPendingBit                             ./out/obj/stm32f10x_cec.o
CEC_Cmd                                           ./out/obj/stm32f10x_cec.o
CEC_DeInit                                        ./out/obj/stm32f10x_cec.o
CEC_EndOfMessageCmd                               ./out/obj/stm32f10x_cec.o
CEC_GetFlagStatus                                 ./out/obj/stm32f10x_cec.o
CEC_GetITStatus                                   ./out/obj/stm32f10x_cec.o
CEC_ITConfig                                      ./out/obj/stm32f10x_cec.o
CEC_Init                                          ./out/obj/stm32f10x_cec.o
CEC_OwnAddressConfig                              ./out/obj/stm32f10x_cec.o
CEC_ReceiveDataByte                               ./out/obj/stm32f10x_cec.o
CEC_SendDataByte                                  ./out/obj/stm32f10x_cec.o
CEC_SetPrescaler                                  ./out/obj/stm32f10x_cec.o
CEC_StartOfMessage                                ./out/obj/stm32f10x_cec.o
CRC_CalcBlockCRC                                  ./out/obj/stm32f10x_crc.o
CRC_CalcCRC                                       ./out/obj/stm32f10x_crc.o
CRC_GetCRC                                        ./out/obj/stm32f10x_crc.o
CRC_GetIDRegister                                 ./out/obj/stm32f10x_crc.o
CRC_ResetDR                                       ./out/obj/stm32f10x_crc.o
CRC_SetIDRegister                                 ./out/obj/stm32f10x_crc.o
DAC_Cmd                                           ./out/obj/stm32f10x_dac.o
DAC_DMACmd                                        ./out/obj/stm32f10x_dac.o
DAC_DeInit                                        ./out/obj/stm32f10x_dac.o
DAC_DualSoftwareTriggerCmd                        ./out/obj/stm32f10x_dac.o
DAC_GetDataOutputValue                            ./out/obj/stm32f10x_dac.o
DAC_Init                                          ./out/obj/stm32f10x_dac.o
DAC_SetChannel1Data                               ./out/obj/stm32f10x_dac.o
DAC_SetChannel2Data                               ./out/obj/stm32f10x_dac.o
DAC_SetDualChannelData                            ./out/obj/stm32f10x_dac.o
DAC_SoftwareTriggerCmd                            ./out/obj/stm32f10x_dac.o
DAC_StructInit                                    ./out/obj/stm32f10x_dac.o
DAC_WaveGenerationCmd                             ./out/obj/stm32f10x_dac.o
DBGMCU_Config                                     ./out/obj/stm32f10x_dbgmcu.o
DBGMCU_GetDEVID                                   ./out/obj/stm32f10x_dbgmcu.o
DBGMCU_GetREVID                                   ./out/obj/stm32f10x_dbgmcu.o
DMA1_Channel1_IRQHandler                          ./out/obj/startup_stm32f10x_md.o
DMA1_Channel2_IRQHandler                          ./out/obj/startup_stm32f10x_md.o
DMA1_Channel3_IRQHandler                          ./out/obj/startup_stm32f10x_md.o
DMA1_Channel4_IRQHandler                          ./out/obj/startup_stm32f10x_md.o
DMA1_Channel5_IRQHandler                          ./out/obj/startup_stm32f10x_md.o
DMA1_Channel6_IRQHandler                          ./out/obj/startup_stm32f10x_md.o
DMA1_Channel7_IRQHandler                          ./out/obj/startup_stm32f10x_md.o
DMA_ClearFlag                                     ./out/obj/stm32f10x_dma.o
DMA_ClearITPendingBit                             ./out/obj/stm32f10x_dma.o
DMA_Cmd                                           ./out/obj/stm32f10x_dma.o
                                                  ./out/obj/sd_spi_stm32.o
DMA_DeInit                                        ./out/obj/stm32f10x_dma.o
                                                  ./out/obj/sd_spi_stm32.o
DMA_GetCurrDataCounter                            ./out/obj/stm32f10x_dma.o
DMA_GetFlagStatus                                 ./out/obj/stm32f10x_dma.o
                                                  ./out/obj/sd_spi_stm32.o
DMA_GetITStatus                                   ./out/obj/stm32f10x_dma.o
DMA_ITConfig                                      ./out/obj/stm32f10x_dma.o
DMA_Init                                          ./out/obj/stm32f10x_dma.o
                                                  ./out/obj/sd_spi_stm32.o
DMA_SetCurrDataCounter                            ./out/obj/stm32f10x_dma.o
DMA_StructInit                                    ./out/obj/stm32f10x_dma.o
DebugMon_Handler                                  ./out/obj/startup_stm32f10x_md.o
Default_Handler                                   ./out/obj/startup_stm32f10x_md.o
EXTI0_IRQHandler                                  ./out/obj/startup_stm32f10x_md.o
EXTI15_10_IRQHandler                              ./out/obj/startup_stm32f10x_md.o
EXTI1_IRQHandler                                  ./out/obj/startup_stm32f10x_md.o
EXTI2_IRQHandler                                  ./out/obj/startup_stm32f10x_md.o
EXTI3_IRQHandler                                  ./out/obj/startup_stm32f10x_md.o
EXTI4_IRQHandler                                  ./out/obj/startup_stm32f10x_md.o
EXTI9_5_IRQHandler                                ./out/obj/startup_stm32f10x_md.o
EXTI_ClearFlag                                    ./out/obj/stm32f10x_exti.o
EXTI_ClearITPendingBit                            ./out/obj/stm32f10x_exti.o
EXTI_DeInit                                       ./out/obj/stm32f10x_exti.o
EXTI_GenerateSWInterrupt                          ./out/obj/stm32f10x_exti.o
EXTI_GetFlagStatus                                ./out/obj/stm32f10x_exti.o
EXTI_GetITStatus                                  ./out/obj/stm32f10x_exti.o
EXTI_Init                                         ./out/obj/stm32f10x_exti.o
EXTI_StructInit                                   ./out/obj/stm32f10x_exti.o
FLASH_ClearFlag                                   ./out/obj/stm32f10x_flash.o
FLASH_EnableWriteProtection                       ./out/obj/stm32f10x_flash.o
FLASH_EraseAllBank1Pages                          ./out/obj/stm32f10x_flash.o
FLASH_EraseAllPages                               ./out/obj/stm32f10x_flash.o
FLASH_EraseOptionBytes                            ./out/obj/stm32f10x_flash.o
FLASH_ErasePage                                   ./out/obj/stm32f10x_flash.o
FLASH_GetBank1Status                              ./out/obj/stm32f10x_flash.o
FLASH_GetFlagStatus                               ./out/obj/stm32f10x_flash.o
FLASH_GetPrefetchBufferStatus                     ./out/obj/stm32f10x_flash.o
FLASH_GetReadOutProtectionStatus                  ./out/obj/stm32f10x_flash.o
FLASH_GetStatus                                   ./out/obj/stm32f10x_flash.o
FLASH_GetUserOptionByte                           ./out/obj/stm32f10x_flash.o
FLASH_GetWriteProtectionOptionByte                ./out/obj/stm32f10x_flash.o
FLASH_HalfCycleAccessCmd                          ./out/obj/stm32f10x_flash.o
FLASH_IRQHandler                                  ./out/obj/startup_stm32f10x_md.o
FLASH_ITConfig                                    ./out/obj/stm32f10x_flash.o
FLASH_Lock                                        ./out/obj/stm32f10x_flash.o
FLASH_LockBank1                                   ./out/obj/stm32f10x_flash.o
FLASH_PrefetchBufferCmd                           ./out/obj/stm32f10x_flash.o
FLASH_ProgramHalfWord                             ./out/obj/stm32f10x_flash.o
FLASH_ProgramOptionByteData                       ./out/obj/stm32f10x_flash.o
FLASH_ProgramWord                                 ./out/obj/stm32f10x_flash.o
FLASH_ReadOutProtection                           ./out/obj/stm32f10x_flash.o
FLASH_SetLatency                                  ./out/obj/stm32f10x_flash.o
FLASH_Unlock                                      ./out/obj/stm32f10x_flash.o
FLASH_UnlockBank1                                 ./out/obj/stm32f10x_flash.o
FLASH_UserOptionByteConfig                        ./out/obj/stm32f10x_flash.o
FLASH_WaitForLastBank1Operation                   ./out/obj/stm32f10x_flash.o
FLASH_WaitForLastOperation                        ./out/obj/stm32f10x_flash.o
FSMC_ClearFlag                                    ./out/obj/stm32f10x_fsmc.o
FSMC_ClearITPendingBit                            ./out/obj/stm32f10x_fsmc.o
FSMC_GetECC                                       ./out/obj/stm32f10x_fsmc.o
FSMC_GetFlagStatus                                ./out/obj/stm32f10x_fsmc.o
FSMC_GetITStatus                                  ./out/obj/stm32f10x_fsmc.o
FSMC_ITConfig                                     ./out/obj/stm32f10x_fsmc.o
FSMC_NANDCmd                                      ./out/obj/stm32f10x_fsmc.o
FSMC_NANDDeInit                                   ./out/obj/stm32f10x_fsmc.o
FSMC_NANDECCCmd                                   ./out/obj/stm32f10x_fsmc.o
FSMC_NANDInit                                     ./out/obj/stm32f10x_fsmc.o
FSMC_NANDStructInit                               ./out/obj/stm32f10x_fsmc.o
FSMC_NORSRAMCmd                                   ./out/obj/stm32f10x_fsmc.o
FSMC_NORSRAMDeInit                                ./out/obj/stm32f10x_fsmc.o
FSMC_NORSRAMInit                                  ./out/obj/stm32f10x_fsmc.o
FSMC_NORSRAMStructInit                            ./out/obj/stm32f10x_fsmc.o
FSMC_PCCARDCmd                                    ./out/obj/stm32f10x_fsmc.o
FSMC_PCCARDDeInit                                 ./out/obj/stm32f10x_fsmc.o
FSMC_PCCARDInit                                   ./out/obj/stm32f10x_fsmc.o
FSMC_PCCARDStructInit                             ./out/obj/stm32f10x_fsmc.o
GPIO_AFIODeInit                                   ./out/obj/stm32f10x_gpio.o
GPIO_DeInit                                       ./out/obj/stm32f10x_gpio.o
GPIO_ETH_MediaInterfaceConfig                     ./out/obj/stm32f10x_gpio.o
GPIO_EXTILineConfig                               ./out/obj/stm32f10x_gpio.o
GPIO_EventOutputCmd                               ./out/obj/stm32f10x_gpio.o
GPIO_EventOutputConfig                            ./out/obj/stm32f10x_gpio.o
GPIO_Init                                         ./out/obj/stm32f10x_gpio.o
                                                  ./out/obj/sd_spi_stm32.o
                                                  ./out/obj/usart1.o
                                                  ./out/obj/func.o
GPIO_PinLockConfig                                ./out/obj/stm32f10x_gpio.o
GPIO_PinRemapConfig                               ./out/obj/stm32f10x_gpio.o
GPIO_ReadInputData                                ./out/obj/stm32f10x_gpio.o
GPIO_ReadInputDataBit                             ./out/obj/stm32f10x_gpio.o
GPIO_ReadOutputData                               ./out/obj/stm32f10x_gpio.o
GPIO_ReadOutputDataBit                            ./out/obj/stm32f10x_gpio.o
GPIO_ResetBits                                    ./out/obj/stm32f10x_gpio.o
                                                  ./out/obj/sd_spi_stm32.o
                                                  ./out/obj/main.o
                                                  ./out/obj/func.o
GPIO_SetBits                                      ./out/obj/stm32f10x_gpio.o
                                                  ./out/obj/sd_spi_stm32.o
                                                  ./out/obj/main.o
                                                  ./out/obj/func.o
GPIO_StructInit                                   ./out/obj/stm32f10x_gpio.o
GPIO_Write                                        ./out/obj/stm32f10x_gpio.o
GPIO_WriteBit                                     ./out/obj/stm32f10x_gpio.o
HardFault_Handler                                 ./out/obj/startup_stm32f10x_md.o
I2C1_ER_IRQHandler                                ./out/obj/startup_stm32f10x_md.o
I2C1_EV_IRQHandler                                ./out/obj/startup_stm32f10x_md.o
I2C2_ER_IRQHandler                                ./out/obj/startup_stm32f10x_md.o
I2C2_EV_IRQHandler                                ./out/obj/startup_stm32f10x_md.o
I2C_ARPCmd                                        ./out/obj/stm32f10x_i2c.o
I2C_AcknowledgeConfig                             ./out/obj/stm32f10x_i2c.o
I2C_CalculatePEC                                  ./out/obj/stm32f10x_i2c.o
I2C_CheckEvent                                    ./out/obj/stm32f10x_i2c.o
I2C_ClearFlag                                     ./out/obj/stm32f10x_i2c.o
I2C_ClearITPendingBit                             ./out/obj/stm32f10x_i2c.o
I2C_Cmd                                           ./out/obj/stm32f10x_i2c.o
I2C_DMACmd                                        ./out/obj/stm32f10x_i2c.o
I2C_DMALastTransferCmd                            ./out/obj/stm32f10x_i2c.o
I2C_DeInit                                        ./out/obj/stm32f10x_i2c.o
I2C_DualAddressCmd                                ./out/obj/stm32f10x_i2c.o
I2C_FastModeDutyCycleConfig                       ./out/obj/stm32f10x_i2c.o
I2C_GeneralCallCmd                                ./out/obj/stm32f10x_i2c.o
I2C_GenerateSTART                                 ./out/obj/stm32f10x_i2c.o
I2C_GenerateSTOP                                  ./out/obj/stm32f10x_i2c.o
I2C_GetFlagStatus                                 ./out/obj/stm32f10x_i2c.o
I2C_GetITStatus                                   ./out/obj/stm32f10x_i2c.o
I2C_GetLastEvent                                  ./out/obj/stm32f10x_i2c.o
I2C_GetPEC                                        ./out/obj/stm32f10x_i2c.o
I2C_ITConfig                                      ./out/obj/stm32f10x_i2c.o
I2C_Init                                          ./out/obj/stm32f10x_i2c.o
I2C_NACKPositionConfig                            ./out/obj/stm32f10x_i2c.o
I2C_OwnAddress2Config                             ./out/obj/stm32f10x_i2c.o
I2C_PECPositionConfig                             ./out/obj/stm32f10x_i2c.o
I2C_ReadRegister                                  ./out/obj/stm32f10x_i2c.o
I2C_ReceiveData                                   ./out/obj/stm32f10x_i2c.o
I2C_SMBusAlertConfig                              ./out/obj/stm32f10x_i2c.o
I2C_Send7bitAddress                               ./out/obj/stm32f10x_i2c.o
I2C_SendData                                      ./out/obj/stm32f10x_i2c.o
I2C_SoftwareResetCmd                              ./out/obj/stm32f10x_i2c.o
I2C_StretchClockCmd                               ./out/obj/stm32f10x_i2c.o
I2C_StructInit                                    ./out/obj/stm32f10x_i2c.o
I2C_TransmitPEC                                   ./out/obj/stm32f10x_i2c.o
I2S_Cmd                                           ./out/obj/stm32f10x_spi.o
I2S_Init                                          ./out/obj/stm32f10x_spi.o
I2S_StructInit                                    ./out/obj/stm32f10x_spi.o
IWDG_Enable                                       ./out/obj/stm32f10x_iwdg.o
IWDG_GetFlagStatus                                ./out/obj/stm32f10x_iwdg.o
IWDG_ReloadCounter                                ./out/obj/stm32f10x_iwdg.o
IWDG_SetPrescaler                                 ./out/obj/stm32f10x_iwdg.o
IWDG_SetReload                                    ./out/obj/stm32f10x_iwdg.o
IWDG_WriteAccessCmd                               ./out/obj/stm32f10x_iwdg.o
MemManage_Handler                                 ./out/obj/startup_stm32f10x_md.o
NMI_Handler                                       ./out/obj/startup_stm32f10x_md.o
NVIC_Init                                         ./out/obj/misc.o
NVIC_PriorityGroupConfig                          ./out/obj/misc.o
NVIC_SetVectorTable                               ./out/obj/misc.o
NVIC_SystemLPConfig                               ./out/obj/misc.o
PVD_IRQHandler                                    ./out/obj/startup_stm32f10x_md.o
PWR_BackupAccessCmd                               ./out/obj/stm32f10x_pwr.o
PWR_ClearFlag                                     ./out/obj/stm32f10x_pwr.o
PWR_DeInit                                        ./out/obj/stm32f10x_pwr.o
PWR_EnterSTANDBYMode                              ./out/obj/stm32f10x_pwr.o
PWR_EnterSTOPMode                                 ./out/obj/stm32f10x_pwr.o
PWR_GetFlagStatus                                 ./out/obj/stm32f10x_pwr.o
PWR_PVDCmd                                        ./out/obj/stm32f10x_pwr.o
PWR_PVDLevelConfig                                ./out/obj/stm32f10x_pwr.o
PWR_WakeUpPinCmd                                  ./out/obj/stm32f10x_pwr.o
PendSV_Handler                                    ./out/obj/startup_stm32f10x_md.o
RCC_ADCCLKConfig                                  ./out/obj/stm32f10x_rcc.o
RCC_AHBPeriphClockCmd                             ./out/obj/stm32f10x_rcc.o
                                                  ./out/obj/sd_spi_stm32.o
RCC_APB1PeriphClockCmd                            ./out/obj/stm32f10x_rcc.o
                                                  ./out/obj/usart1.o
                                                  ./out/obj/timer_ini.o
RCC_APB1PeriphResetCmd                            ./out/obj/stm32f10x_rcc.o
                                                  ./out/obj/stm32f10x_dac.o
                                                  ./out/obj/stm32f10x_can.o
                                                  ./out/obj/stm32f10x_pwr.o
                                                  ./out/obj/stm32f10x_i2c.o
                                                  ./out/obj/stm32f10x_usart.o
                                                  ./out/obj/stm32f10x_tim.o
                                                  ./out/obj/stm32f10x_wwdg.o
                                                  ./out/obj/stm32f10x_cec.o
                                                  ./out/obj/stm32f10x_spi.o
RCC_APB2PeriphClockCmd                            ./out/obj/stm32f10x_rcc.o
                                                  ./out/obj/sd_spi_stm32.o
                                                  ./out/obj/usart1.o
                                                  ./out/obj/func.o
RCC_APB2PeriphResetCmd                            ./out/obj/stm32f10x_rcc.o
                                                  ./out/obj/stm32f10x_usart.o
                                                  ./out/obj/stm32f10x_tim.o
                                                  ./out/obj/stm32f10x_adc.o
                                                  ./out/obj/stm32f10x_spi.o
                                                  ./out/obj/stm32f10x_gpio.o
RCC_AdjustHSICalibrationValue                     ./out/obj/stm32f10x_rcc.o
RCC_BackupResetCmd                                ./out/obj/stm32f10x_rcc.o
                                                  ./out/obj/stm32f10x_bkp.o
RCC_ClearFlag                                     ./out/obj/stm32f10x_rcc.o
RCC_ClearITPendingBit                             ./out/obj/stm32f10x_rcc.o
RCC_ClockSecuritySystemCmd                        ./out/obj/stm32f10x_rcc.o
RCC_DeInit                                        ./out/obj/stm32f10x_rcc.o
RCC_GetClocksFreq                                 ./out/obj/stm32f10x_rcc.o
                                                  ./out/obj/stm32f10x_i2c.o
                                                  ./out/obj/stm32f10x_usart.o
                                                  ./out/obj/stm32f10x_spi.o
RCC_GetFlagStatus                                 ./out/obj/stm32f10x_rcc.o
RCC_GetITStatus                                   ./out/obj/stm32f10x_rcc.o
RCC_GetSYSCLKSource                               ./out/obj/stm32f10x_rcc.o
RCC_HCLKConfig                                    ./out/obj/stm32f10x_rcc.o
RCC_HSEConfig                                     ./out/obj/stm32f10x_rcc.o
RCC_HSICmd                                        ./out/obj/stm32f10x_rcc.o
RCC_IRQHandler                                    ./out/obj/startup_stm32f10x_md.o
RCC_ITConfig                                      ./out/obj/stm32f10x_rcc.o
RCC_LSEConfig                                     ./out/obj/stm32f10x_rcc.o
RCC_LSICmd                                        ./out/obj/stm32f10x_rcc.o
RCC_MCOConfig                                     ./out/obj/stm32f10x_rcc.o
RCC_PCLK1Config                                   ./out/obj/stm32f10x_rcc.o
RCC_PCLK2Config                                   ./out/obj/stm32f10x_rcc.o
RCC_PLLCmd                                        ./out/obj/stm32f10x_rcc.o
RCC_PLLConfig                                     ./out/obj/stm32f10x_rcc.o
RCC_RTCCLKCmd                                     ./out/obj/stm32f10x_rcc.o
RCC_RTCCLKConfig                                  ./out/obj/stm32f10x_rcc.o
RCC_SYSCLKConfig                                  ./out/obj/stm32f10x_rcc.o
RCC_USBCLKConfig                                  ./out/obj/stm32f10x_rcc.o
RCC_WaitForHSEStartUp                             ./out/obj/stm32f10x_rcc.o
RTCAlarm_IRQHandler                               ./out/obj/startup_stm32f10x_md.o
RTC_ClearFlag                                     ./out/obj/stm32f10x_rtc.o
RTC_ClearITPendingBit                             ./out/obj/stm32f10x_rtc.o
RTC_EnterConfigMode                               ./out/obj/stm32f10x_rtc.o
RTC_ExitConfigMode                                ./out/obj/stm32f10x_rtc.o
RTC_GetCounter                                    ./out/obj/stm32f10x_rtc.o
RTC_GetDivider                                    ./out/obj/stm32f10x_rtc.o
RTC_GetFlagStatus                                 ./out/obj/stm32f10x_rtc.o
RTC_GetITStatus                                   ./out/obj/stm32f10x_rtc.o
RTC_IRQHandler                                    ./out/obj/startup_stm32f10x_md.o
RTC_ITConfig                                      ./out/obj/stm32f10x_rtc.o
RTC_SetAlarm                                      ./out/obj/stm32f10x_rtc.o
RTC_SetCounter                                    ./out/obj/stm32f10x_rtc.o
RTC_SetPrescaler                                  ./out/obj/stm32f10x_rtc.o
RTC_WaitForLastTask                               ./out/obj/stm32f10x_rtc.o
RTC_WaitForSynchro                                ./out/obj/stm32f10x_rtc.o
Reset_Handler                                     ./out/obj/startup_stm32f10x_md.o
SDIO_CEATAITCmd                                   ./out/obj/stm32f10x_sdio.o
SDIO_ClearFlag                                    ./out/obj/stm32f10x_sdio.o
SDIO_ClearITPendingBit                            ./out/obj/stm32f10x_sdio.o
SDIO_ClockCmd                                     ./out/obj/stm32f10x_sdio.o
SDIO_CmdStructInit                                ./out/obj/stm32f10x_sdio.o
SDIO_CommandCompletionCmd                         ./out/obj/stm32f10x_sdio.o
SDIO_DMACmd                                       ./out/obj/stm32f10x_sdio.o
SDIO_DataConfig                                   ./out/obj/stm32f10x_sdio.o
SDIO_DataStructInit                               ./out/obj/stm32f10x_sdio.o
SDIO_DeInit                                       ./out/obj/stm32f10x_sdio.o
SDIO_GetCommandResponse                           ./out/obj/stm32f10x_sdio.o
SDIO_GetDataCounter                               ./out/obj/stm32f10x_sdio.o
SDIO_GetFIFOCount                                 ./out/obj/stm32f10x_sdio.o
SDIO_GetFlagStatus                                ./out/obj/stm32f10x_sdio.o
SDIO_GetITStatus                                  ./out/obj/stm32f10x_sdio.o
SDIO_GetPowerState                                ./out/obj/stm32f10x_sdio.o
SDIO_GetResponse                                  ./out/obj/stm32f10x_sdio.o
SDIO_ITConfig                                     ./out/obj/stm32f10x_sdio.o
SDIO_Init                                         ./out/obj/stm32f10x_sdio.o
SDIO_ReadData                                     ./out/obj/stm32f10x_sdio.o
SDIO_SendCEATACmd                                 ./out/obj/stm32f10x_sdio.o
SDIO_SendCommand                                  ./out/obj/stm32f10x_sdio.o
SDIO_SendSDIOSuspendCmd                           ./out/obj/stm32f10x_sdio.o
SDIO_SetPowerState                                ./out/obj/stm32f10x_sdio.o
SDIO_SetSDIOOperation                             ./out/obj/stm32f10x_sdio.o
SDIO_SetSDIOReadWaitMode                          ./out/obj/stm32f10x_sdio.o
SDIO_StartSDIOReadWait                            ./out/obj/stm32f10x_sdio.o
SDIO_StopSDIOReadWait                             ./out/obj/stm32f10x_sdio.o
SDIO_StructInit                                   ./out/obj/stm32f10x_sdio.o
SDIO_WriteData                                    ./out/obj/stm32f10x_sdio.o
SPI1_IRQHandler                                   ./out/obj/startup_stm32f10x_md.o
SPI2_IRQHandler                                   ./out/obj/startup_stm32f10x_md.o
SPI_BiDirectionalLineConfig                       ./out/obj/stm32f10x_spi.o
SPI_CalculateCRC                                  ./out/obj/stm32f10x_spi.o
                                                  ./out/obj/sd_spi_stm32.o
SPI_Cmd                                           ./out/obj/stm32f10x_spi.o
                                                  ./out/obj/sd_spi_stm32.o
SPI_DataSizeConfig                                ./out/obj/stm32f10x_spi.o
SPI_GetCRC                                        ./out/obj/stm32f10x_spi.o
SPI_GetCRCPolynomial                              ./out/obj/stm32f10x_spi.o
SPI_I2S_ClearFlag                                 ./out/obj/stm32f10x_spi.o
SPI_I2S_ClearITPendingBit                         ./out/obj/stm32f10x_spi.o
SPI_I2S_DMACmd                                    ./out/obj/stm32f10x_spi.o
                                                  ./out/obj/sd_spi_stm32.o
SPI_I2S_DeInit                                    ./out/obj/stm32f10x_spi.o
                                                  ./out/obj/sd_spi_stm32.o
SPI_I2S_GetFlagStatus                             ./out/obj/stm32f10x_spi.o
                                                  ./out/obj/sd_spi_stm32.o
SPI_I2S_GetITStatus                               ./out/obj/stm32f10x_spi.o
SPI_I2S_ITConfig                                  ./out/obj/stm32f10x_spi.o
SPI_I2S_ReceiveData                               ./out/obj/stm32f10x_spi.o
                                                  ./out/obj/sd_spi_stm32.o
SPI_I2S_SendData                                  ./out/obj/stm32f10x_spi.o
                                                  ./out/obj/sd_spi_stm32.o
SPI_Init                                          ./out/obj/stm32f10x_spi.o
                                                  ./out/obj/sd_spi_stm32.o
SPI_NSSInternalSoftwareConfig                     ./out/obj/stm32f10x_spi.o
SPI_SSOutputCmd                                   ./out/obj/stm32f10x_spi.o
SPI_StructInit                                    ./out/obj/stm32f10x_spi.o
SPI_TransmitCRC                                   ./out/obj/stm32f10x_spi.o
SVC_Handler                                       ./out/obj/startup_stm32f10x_md.o
SendBytetoPC                                      ./out/obj/usart1.o
SendStrtoPC                                       ./out/obj/usart1.o
SysTick_CLKSourceConfig                           ./out/obj/misc.o
SysTick_Handler                                   ./out/obj/func.o
SystemCoreClock                                   ./out/obj/system_stm32f10x.o
                                                  ./out/obj/main.o
SystemCoreClockUpdate                             ./out/obj/system_stm32f10x.o
                                                  ./out/obj/main.o
SystemInit                                        ./out/obj/system_stm32f10x.o
                                                  ./out/obj/startup_stm32f10x_md.o
TAMPER_IRQHandler                                 ./out/obj/startup_stm32f10x_md.o
TIM1_BRK_IRQHandler                               ./out/obj/startup_stm32f10x_md.o
TIM1_CC_IRQHandler                                ./out/obj/startup_stm32f10x_md.o
TIM1_TRG_COM_IRQHandler                           ./out/obj/startup_stm32f10x_md.o
TIM1_UP_IRQHandler                                ./out/obj/startup_stm32f10x_md.o
TIM2_IRQHandler                                   ./out/obj/timer_ini.o
TIM3_IRQHandler                                   ./out/obj/startup_stm32f10x_md.o
TIM4_IRQHandler                                   ./out/obj/startup_stm32f10x_md.o
TIM_ARRPreloadConfig                              ./out/obj/stm32f10x_tim.o
TIM_BDTRConfig                                    ./out/obj/stm32f10x_tim.o
TIM_BDTRStructInit                                ./out/obj/stm32f10x_tim.o
TIM_CCPreloadControl                              ./out/obj/stm32f10x_tim.o
TIM_CCxCmd                                        ./out/obj/stm32f10x_tim.o
TIM_CCxNCmd                                       ./out/obj/stm32f10x_tim.o
TIM_ClearFlag                                     ./out/obj/stm32f10x_tim.o
TIM_ClearITPendingBit                             ./out/obj/stm32f10x_tim.o
                                                  ./out/obj/timer_ini.o
TIM_ClearOC1Ref                                   ./out/obj/stm32f10x_tim.o
TIM_ClearOC2Ref                                   ./out/obj/stm32f10x_tim.o
TIM_ClearOC3Ref                                   ./out/obj/stm32f10x_tim.o
TIM_ClearOC4Ref                                   ./out/obj/stm32f10x_tim.o
TIM_Cmd                                           ./out/obj/stm32f10x_tim.o
                                                  ./out/obj/timer_ini.o
TIM_CounterModeConfig                             ./out/obj/stm32f10x_tim.o
TIM_CtrlPWMOutputs                                ./out/obj/stm32f10x_tim.o
TIM_DMACmd                                        ./out/obj/stm32f10x_tim.o
TIM_DMAConfig                                     ./out/obj/stm32f10x_tim.o
TIM_DeInit                                        ./out/obj/stm32f10x_tim.o
TIM_ETRClockMode1Config                           ./out/obj/stm32f10x_tim.o
TIM_ETRClockMode2Config                           ./out/obj/stm32f10x_tim.o
TIM_ETRConfig                                     ./out/obj/stm32f10x_tim.o
TIM_EncoderInterfaceConfig                        ./out/obj/stm32f10x_tim.o
TIM_ForcedOC1Config                               ./out/obj/stm32f10x_tim.o
TIM_ForcedOC2Config                               ./out/obj/stm32f10x_tim.o
TIM_ForcedOC3Config                               ./out/obj/stm32f10x_tim.o
TIM_ForcedOC4Config                               ./out/obj/stm32f10x_tim.o
TIM_GenerateEvent                                 ./out/obj/stm32f10x_tim.o
TIM_GetCapture1                                   ./out/obj/stm32f10x_tim.o
TIM_GetCapture2                                   ./out/obj/stm32f10x_tim.o
TIM_GetCapture3                                   ./out/obj/stm32f10x_tim.o
TIM_GetCapture4                                   ./out/obj/stm32f10x_tim.o
TIM_GetCounter                                    ./out/obj/stm32f10x_tim.o
TIM_GetFlagStatus                                 ./out/obj/stm32f10x_tim.o
TIM_GetITStatus                                   ./out/obj/stm32f10x_tim.o
                                                  ./out/obj/timer_ini.o
TIM_GetPrescaler                                  ./out/obj/stm32f10x_tim.o
TIM_ICInit                                        ./out/obj/stm32f10x_tim.o
TIM_ICStructInit                                  ./out/obj/stm32f10x_tim.o
TIM_ITConfig                                      ./out/obj/stm32f10x_tim.o
                                                  ./out/obj/timer_ini.o
TIM_ITRxExternalClockConfig                       ./out/obj/stm32f10x_tim.o
TIM_InternalClockConfig                           ./out/obj/stm32f10x_tim.o
TIM_OC1FastConfig                                 ./out/obj/stm32f10x_tim.o
TIM_OC1Init                                       ./out/obj/stm32f10x_tim.o
TIM_OC1NPolarityConfig                            ./out/obj/stm32f10x_tim.o
TIM_OC1PolarityConfig                             ./out/obj/stm32f10x_tim.o
TIM_OC1PreloadConfig                              ./out/obj/stm32f10x_tim.o
TIM_OC2FastConfig                                 ./out/obj/stm32f10x_tim.o
TIM_OC2Init                                       ./out/obj/stm32f10x_tim.o
TIM_OC2NPolarityConfig                            ./out/obj/stm32f10x_tim.o
TIM_OC2PolarityConfig                             ./out/obj/stm32f10x_tim.o
TIM_OC2PreloadConfig                              ./out/obj/stm32f10x_tim.o
TIM_OC3FastConfig                                 ./out/obj/stm32f10x_tim.o
TIM_OC3Init                                       ./out/obj/stm32f10x_tim.o
TIM_OC3NPolarityConfig                            ./out/obj/stm32f10x_tim.o
TIM_OC3PolarityConfig                             ./out/obj/stm32f10x_tim.o
TIM_OC3PreloadConfig                              ./out/obj/stm32f10x_tim.o
TIM_OC4FastConfig                                 ./out/obj/stm32f10x_tim.o
TIM_OC4Init                                       ./out/obj/stm32f10x_tim.o
TIM_OC4PolarityConfig                             ./out/obj/stm32f10x_tim.o
TIM_OC4PreloadConfig                              ./out/obj/stm32f10x_tim.o
TIM_OCStructInit                                  ./out/obj/stm32f10x_tim.o
TIM_PWMIConfig                                    ./out/obj/stm32f10x_tim.o
TIM_PrescalerConfig                               ./out/obj/stm32f10x_tim.o
TIM_SelectCCDMA                                   ./out/obj/stm32f10x_tim.o
TIM_SelectCOM                                     ./out/obj/stm32f10x_tim.o
TIM_SelectHallSensor                              ./out/obj/stm32f10x_tim.o
TIM_SelectInputTrigger                            ./out/obj/stm32f10x_tim.o
TIM_SelectMasterSlaveMode                         ./out/obj/stm32f10x_tim.o
TIM_SelectOCxM                                    ./out/obj/stm32f10x_tim.o
TIM_SelectOnePulseMode                            ./out/obj/stm32f10x_tim.o
TIM_SelectOutputTrigger                           ./out/obj/stm32f10x_tim.o
TIM_SelectSlaveMode                               ./out/obj/stm32f10x_tim.o
TIM_SetAutoreload                                 ./out/obj/stm32f10x_tim.o
TIM_SetClockDivision                              ./out/obj/stm32f10x_tim.o
TIM_SetCompare1                                   ./out/obj/stm32f10x_tim.o
TIM_SetCompare2                                   ./out/obj/stm32f10x_tim.o
TIM_SetCompare3                                   ./out/obj/stm32f10x_tim.o
TIM_SetCompare4                                   ./out/obj/stm32f10x_tim.o
TIM_SetCounter                                    ./out/obj/stm32f10x_tim.o
TIM_SetIC1Prescaler                               ./out/obj/stm32f10x_tim.o
TIM_SetIC2Prescaler                               ./out/obj/stm32f10x_tim.o
TIM_SetIC3Prescaler                               ./out/obj/stm32f10x_tim.o
TIM_SetIC4Prescaler                               ./out/obj/stm32f10x_tim.o
TIM_TIxExternalClockConfig                        ./out/obj/stm32f10x_tim.o
TIM_TimeBaseInit                                  ./out/obj/stm32f10x_tim.o
                                                  ./out/obj/timer_ini.o
TIM_TimeBaseStructInit                            ./out/obj/stm32f10x_tim.o
TIM_UpdateDisableConfig                           ./out/obj/stm32f10x_tim.o
TIM_UpdateRequestConfig                           ./out/obj/stm32f10x_tim.o
USART1_IRQHandler                                 ./out/obj/startup_stm32f10x_md.o
USART2_IRQHandler                                 ./out/obj/startup_stm32f10x_md.o
USART3_IRQHandler                                 ./out/obj/startup_stm32f10x_md.o
USART_ClearFlag                                   ./out/obj/stm32f10x_usart.o
USART_ClearITPendingBit                           ./out/obj/stm32f10x_usart.o
USART_ClockInit                                   ./out/obj/stm32f10x_usart.o
USART_ClockStructInit                             ./out/obj/stm32f10x_usart.o
USART_Cmd                                         ./out/obj/stm32f10x_usart.o
                                                  ./out/obj/usart1.o
USART_DMACmd                                      ./out/obj/stm32f10x_usart.o
USART_DeInit                                      ./out/obj/stm32f10x_usart.o
USART_GetFlagStatus                               ./out/obj/stm32f10x_usart.o
                                                  ./out/obj/usart1.o
USART_GetITStatus                                 ./out/obj/stm32f10x_usart.o
USART_HalfDuplexCmd                               ./out/obj/stm32f10x_usart.o
USART_ITConfig                                    ./out/obj/stm32f10x_usart.o
                                                  ./out/obj/usart1.o
USART_Init                                        ./out/obj/stm32f10x_usart.o
                                                  ./out/obj/usart1.o
USART_IrDACmd                                     ./out/obj/stm32f10x_usart.o
USART_IrDAConfig                                  ./out/obj/stm32f10x_usart.o
USART_LINBreakDetectLengthConfig                  ./out/obj/stm32f10x_usart.o
USART_LINCmd                                      ./out/obj/stm32f10x_usart.o
USART_OneBitMethodCmd                             ./out/obj/stm32f10x_usart.o
USART_OverSampling8Cmd                            ./out/obj/stm32f10x_usart.o
USART_ReceiveData                                 ./out/obj/stm32f10x_usart.o
USART_ReceiverWakeUpCmd                           ./out/obj/stm32f10x_usart.o
USART_SendBreak                                   ./out/obj/stm32f10x_usart.o
USART_SendData                                    ./out/obj/stm32f10x_usart.o
                                                  ./out/obj/usart1.o
USART_SetAddress                                  ./out/obj/stm32f10x_usart.o
USART_SetGuardTime                                ./out/obj/stm32f10x_usart.o
USART_SetPrescaler                                ./out/obj/stm32f10x_usart.o
USART_SmartCardCmd                                ./out/obj/stm32f10x_usart.o
USART_SmartCardNACKCmd                            ./out/obj/stm32f10x_usart.o
USART_StructInit                                  ./out/obj/stm32f10x_usart.o
USART_WakeUpConfig                                ./out/obj/stm32f10x_usart.o
USBWakeUp_IRQHandler                              ./out/obj/startup_stm32f10x_md.o
USB_HP_CAN1_TX_IRQHandler                         ./out/obj/startup_stm32f10x_md.o
USB_LP_CAN1_RX0_IRQHandler                        ./out/obj/startup_stm32f10x_md.o
UsageFault_Handler                                ./out/obj/startup_stm32f10x_md.o
WWDG_ClearFlag                                    ./out/obj/stm32f10x_wwdg.o
WWDG_DeInit                                       ./out/obj/stm32f10x_wwdg.o
WWDG_Enable                                       ./out/obj/stm32f10x_wwdg.o
WWDG_EnableIT                                     ./out/obj/stm32f10x_wwdg.o
WWDG_GetFlagStatus                                ./out/obj/stm32f10x_wwdg.o
WWDG_IRQHandler                                   ./out/obj/startup_stm32f10x_md.o
WWDG_SetCounter                                   ./out/obj/stm32f10x_wwdg.o
WWDG_SetPrescaler                                 ./out/obj/stm32f10x_wwdg.o
WWDG_SetWindowValue                               ./out/obj/stm32f10x_wwdg.o
_Balloc                                           c:/sublime text build 3126/gnu tools arm embedded/bin/../lib/gcc/arm-none-eabi/4.9.3/../../../../arm-none-eabi/lib/armv7-m\libc_nano.a(lib_a-mprec.o)
                                                  c:/sublime text build 3126/gnu tools arm embedded/bin/../lib/gcc/arm-none-eabi/4.9.3/../../../../arm-none-eabi/lib/armv7-m\libc_nano.a(lib_a-dtoa.o)
_Bfree                                            c:/sublime text build 3126/gnu tools arm embedded/bin/../lib/gcc/arm-none-eabi/4.9.3/../../../../arm-none-eabi/lib/armv7-m\libc_nano.a(lib_a-mprec.o)
                                                  c:/sublime text build 3126/gnu tools arm embedded/bin/../lib/gcc/arm-none-eabi/4.9.3/../../../../arm-none-eabi/lib/armv7-m\libc_nano.a(lib_a-dtoa.o)
_PathLocale                                       c:/sublime text build 3126/gnu tools arm embedded/bin/../lib/gcc/arm-none-eabi/4.9.3/../../../../arm-none-eabi/lib/armv7-m\libc_nano.a(lib_a-locale.o)
__LDREXB                                          ./out/obj/core_cm3.o
__LDREXH                                          ./out/obj/core_cm3.o
__LDREXW                                          ./out/obj/core_cm3.o
__RBIT                                            ./out/obj/core_cm3.o
__REV                                             ./out/obj/core_cm3.o
__REV16                                           ./out/obj/core_cm3.o
__REVSH                                           ./out/obj/core_cm3.o
__STREXB                                          ./out/obj/core_cm3.o
__STREXH                                          ./out/obj/core_cm3.o
__STREXW                                          ./out/obj/core_cm3.o
__adddf3                                          c:/sublime text build 3126/gnu tools arm embedded/bin/../lib/gcc/arm-none-eabi/4.9.3/armv7-m\libgcc.a(_arm_addsubdf3.o)
__aeabi_cdcmpeq                                   c:/sublime text build 3126/gnu tools arm embedded/bin/../lib/gcc/arm-none-eabi/4.9.3/armv7-m\libgcc.a(_arm_cmpdf2.o)
__aeabi_cdcmple                                   c:/sublime text build 3126/gnu tools arm embedded/bin/../lib/gcc/arm-none-eabi/4.9.3/armv7-m\libgcc.a(_arm_cmpdf2.o)
__aeabi_cdrcmple                                  c:/sublime text build 3126/gnu tools arm embedded/bin/../lib/gcc/arm-none-eabi/4.9.3/armv7-m\libgcc.a(_arm_cmpdf2.o)
__aeabi_d2iz                                      c:/sublime text build 3126/gnu tools arm embedded/bin/../lib/gcc/arm-none-eabi/4.9.3/armv7-m\libgcc.a(_arm_fixdfsi.o)
                                                  c:/sublime text build 3126/gnu tools arm embedded/bin/../lib/gcc/arm-none-eabi/4.9.3/../../../../arm-none-eabi/lib/armv7-m\libc_nano.a(lib_a-dtoa.o)
__aeabi_dadd                                      c:/sublime text build 3126/gnu tools arm embedded/bin/../lib/gcc/arm-none-eabi/4.9.3/armv7-m\libgcc.a(_arm_addsubdf3.o)
                                                  c:/sublime text build 3126/gnu tools arm embedded/bin/../lib/gcc/arm-none-eabi/4.9.3/../../../../arm-none-eabi/lib/armv7-m\libc_nano.a(lib_a-dtoa.o)
__aeabi_dcmpeq                                    c:/sublime text build 3126/gnu tools arm embedded/bin/../lib/gcc/arm-none-eabi/4.9.3/armv7-m\libgcc.a(_arm_cmpdf2.o)
                                                  c:/sublime text build 3126/gnu tools arm embedded/bin/../lib/gcc/arm-none-eabi/4.9.3/../../../../arm-none-eabi/lib/armv7-m\libc_nano.a(lib_a-dtoa.o)
                                                  c:/sublime text build 3126/gnu tools arm embedded/bin/../lib/gcc/arm-none-eabi/4.9.3/../../../../arm-none-eabi/lib/armv7-m\libc_nano.a(lib_a-nano-vfprintf_float.o)
__aeabi_dcmpge                                    c:/sublime text build 3126/gnu tools arm embedded/bin/../lib/gcc/arm-none-eabi/4.9.3/armv7-m\libgcc.a(_arm_cmpdf2.o)
                                                  c:/sublime text build 3126/gnu tools arm embedded/bin/../lib/gcc/arm-none-eabi/4.9.3/../../../../arm-none-eabi/lib/armv7-m\libc_nano.a(lib_a-dtoa.o)
__aeabi_dcmpgt                                    c:/sublime text build 3126/gnu tools arm embedded/bin/../lib/gcc/arm-none-eabi/4.9.3/armv7-m\libgcc.a(_arm_cmpdf2.o)
                                                  c:/sublime text build 3126/gnu tools arm embedded/bin/../lib/gcc/arm-none-eabi/4.9.3/../../../../arm-none-eabi/lib/armv7-m\libc_nano.a(lib_a-dtoa.o)
__aeabi_dcmple                                    c:/sublime text build 3126/gnu tools arm embedded/bin/../lib/gcc/arm-none-eabi/4.9.3/armv7-m\libgcc.a(_arm_cmpdf2.o)
__aeabi_dcmplt                                    c:/sublime text build 3126/gnu tools arm embedded/bin/../lib/gcc/arm-none-eabi/4.9.3/armv7-m\libgcc.a(_arm_cmpdf2.o)
                                                  c:/sublime text build 3126/gnu tools arm embedded/bin/../lib/gcc/arm-none-eabi/4.9.3/../../../../arm-none-eabi/lib/armv7-m\libc_nano.a(lib_a-dtoa.o)
                                                  c:/sublime text build 3126/gnu tools arm embedded/bin/../lib/gcc/arm-none-eabi/4.9.3/../../../../arm-none-eabi/lib/armv7-m\libc_nano.a(lib_a-nano-vfprintf_float.o)
__aeabi_ddiv                                      c:/sublime text build 3126/gnu tools arm embedded/bin/../lib/gcc/arm-none-eabi/4.9.3/armv7-m\libgcc.a(_arm_muldivdf3.o)
                                                  c:/sublime text build 3126/gnu tools arm embedded/bin/../lib/gcc/arm-none-eabi/4.9.3/../../../../arm-none-eabi/lib/armv7-m\libc_nano.a(lib_a-mprec.o)
                                                  c:/sublime text build 3126/gnu tools arm embedded/bin/../lib/gcc/arm-none-eabi/4.9.3/../../../../arm-none-eabi/lib/armv7-m\libc_nano.a(lib_a-dtoa.o)
__aeabi_dmul                                      c:/sublime text build 3126/gnu tools arm embedded/bin/../lib/gcc/arm-none-eabi/4.9.3/armv7-m\libgcc.a(_arm_muldivdf3.o)
                                                  c:/sublime text build 3126/gnu tools arm embedded/bin/../lib/gcc/arm-none-eabi/4.9.3/../../../../arm-none-eabi/lib/armv7-m\libc_nano.a(lib_a-mprec.o)
                                                  c:/sublime text build 3126/gnu tools arm embedded/bin/../lib/gcc/arm-none-eabi/4.9.3/../../../../arm-none-eabi/lib/armv7-m\libc_nano.a(lib_a-dtoa.o)
__aeabi_drsub                                     c:/sublime text build 3126/gnu tools arm embedded/bin/../lib/gcc/arm-none-eabi/4.9.3/armv7-m\libgcc.a(_arm_addsubdf3.o)
__aeabi_dsub                                      c:/sublime text build 3126/gnu tools arm embedded/bin/../lib/gcc/arm-none-eabi/4.9.3/armv7-m\libgcc.a(_arm_addsubdf3.o)
                                                  c:/sublime text build 3126/gnu tools arm embedded/bin/../lib/gcc/arm-none-eabi/4.9.3/../../../../arm-none-eabi/lib/armv7-m\libc_nano.a(lib_a-dtoa.o)
__aeabi_f2d                                       c:/sublime text build 3126/gnu tools arm embedded/bin/../lib/gcc/arm-none-eabi/4.9.3/armv7-m\libgcc.a(_arm_addsubdf3.o)
__aeabi_i2d                                       c:/sublime text build 3126/gnu tools arm embedded/bin/../lib/gcc/arm-none-eabi/4.9.3/armv7-m\libgcc.a(_arm_addsubdf3.o)
                                                  c:/sublime text build 3126/gnu tools arm embedded/bin/../lib/gcc/arm-none-eabi/4.9.3/../../../../arm-none-eabi/lib/armv7-m\libc_nano.a(lib_a-dtoa.o)
__aeabi_l2d                                       c:/sublime text build 3126/gnu tools arm embedded/bin/../lib/gcc/arm-none-eabi/4.9.3/armv7-m\libgcc.a(_arm_addsubdf3.o)
__aeabi_ui2d                                      c:/sublime text build 3126/gnu tools arm embedded/bin/../lib/gcc/arm-none-eabi/4.9.3/armv7-m\libgcc.a(_arm_addsubdf3.o)
                                                  c:/sublime text build 3126/gnu tools arm embedded/bin/../lib/gcc/arm-none-eabi/4.9.3/../../../../arm-none-eabi/lib/armv7-m\libc_nano.a(lib_a-dtoa.o)
__aeabi_ul2d                                      c:/sublime text build 3126/gnu tools arm embedded/bin/../lib/gcc/arm-none-eabi/4.9.3/armv7-m\libgcc.a(_arm_addsubdf3.o)
__any_on                                          c:/sublime text build 3126/gnu tools arm embedded/bin/../lib/gcc/arm-none-eabi/4.9.3/../../../../arm-none-eabi/lib/armv7-m\libc_nano.a(lib_a-mprec.o)
__b2d                                             c:/sublime text build 3126/gnu tools arm embedded/bin/../lib/gcc/arm-none-eabi/4.9.3/../../../../arm-none-eabi/lib/armv7-m\libc_nano.a(lib_a-mprec.o)
__cmpdf2                                          c:/sublime text build 3126/gnu tools arm embedded/bin/../lib/gcc/arm-none-eabi/4.9.3/armv7-m\libgcc.a(_arm_cmpdf2.o)
__copybits                                        c:/sublime text build 3126/gnu tools arm embedded/bin/../lib/gcc/arm-none-eabi/4.9.3/../../../../arm-none-eabi/lib/armv7-m\libc_nano.a(lib_a-mprec.o)
__cvt                                             c:/sublime text build 3126/gnu tools arm embedded/bin/../lib/gcc/arm-none-eabi/4.9.3/../../../../arm-none-eabi/lib/armv7-m\libc_nano.a(lib_a-nano-vfprintf_float.o)
__d2b                                             c:/sublime text build 3126/gnu tools arm embedded/bin/../lib/gcc/arm-none-eabi/4.9.3/../../../../arm-none-eabi/lib/armv7-m\libc_nano.a(lib_a-mprec.o)
                                                  c:/sublime text build 3126/gnu tools arm embedded/bin/../lib/gcc/arm-none-eabi/4.9.3/../../../../arm-none-eabi/lib/armv7-m\libc_nano.a(lib_a-dtoa.o)
__divdf3                                          c:/sublime text build 3126/gnu tools arm embedded/bin/../lib/gcc/arm-none-eabi/4.9.3/armv7-m\libgcc.a(_arm_muldivdf3.o)
__eqdf2                                           c:/sublime text build 3126/gnu tools arm embedded/bin/../lib/gcc/arm-none-eabi/4.9.3/armv7-m\libgcc.a(_arm_cmpdf2.o)
__exponent                                        c:/sublime text build 3126/gnu tools arm embedded/bin/../lib/gcc/arm-none-eabi/4.9.3/../../../../arm-none-eabi/lib/armv7-m\libc_nano.a(lib_a-nano-vfprintf_float.o)
__extendsfdf2                                     c:/sublime text build 3126/gnu tools arm embedded/bin/../lib/gcc/arm-none-eabi/4.9.3/armv7-m\libgcc.a(_arm_addsubdf3.o)
__fixdfsi                                         c:/sublime text build 3126/gnu tools arm embedded/bin/../lib/gcc/arm-none-eabi/4.9.3/armv7-m\libgcc.a(_arm_fixdfsi.o)
__floatdidf                                       c:/sublime text build 3126/gnu tools arm embedded/bin/../lib/gcc/arm-none-eabi/4.9.3/armv7-m\libgcc.a(_arm_addsubdf3.o)
__floatsidf                                       c:/sublime text build 3126/gnu tools arm embedded/bin/../lib/gcc/arm-none-eabi/4.9.3/armv7-m\libgcc.a(_arm_addsubdf3.o)
__floatundidf                                     c:/sublime text build 3126/gnu tools arm embedded/bin/../lib/gcc/arm-none-eabi/4.9.3/armv7-m\libgcc.a(_arm_addsubdf3.o)
__floatunsidf                                     c:/sublime text build 3126/gnu tools arm embedded/bin/../lib/gcc/arm-none-eabi/4.9.3/armv7-m\libgcc.a(_arm_addsubdf3.o)
__fpclassifyd                                     c:/sublime text build 3126/gnu tools arm embedded/bin/../lib/gcc/arm-none-eabi/4.9.3/../../../../arm-none-eabi/lib/armv7-m\libc_nano.a(lib_a-s_fpclassify.o)